Mar  7 18:29:50 Trilift systemd[1]: Finished Remount Root and Kernel File Systems.
Mar  7 18:29:50 Trilift systemd[1]: Activating swap /swapfile...
Mar  7 18:29:50 Trilift systemd[1]: Starting Flush Journal to Persistent Storage...
Mar  7 18:29:50 Trilift systemd[1]: Starting Load/Save Random Seed...
Mar  7 18:29:50 Trilift systemd[1]: Starting Create System Users...
Mar  7 18:29:50 Trilift systemd[1]: Finished Load/Save Random Seed.
Mar  7 18:29:50 Trilift systemd[1]: Condition check resulted in First Boot Complete being skipped.
Mar  7 18:29:50 Trilift systemd[1]: modprobe@efi_pstore.service: Deactivated successfully.
Mar  7 18:29:50 Trilift systemd[1]: Finished Load Kernel Module efi_pstore.
Mar  7 18:29:50 Trilift systemd[1]: Condition check resulted in Platform Persistent Storage Archival being skipped.
Mar  7 18:29:50 Trilift systemd[1]: modprobe@drm.service: Deactivated successfully.
Mar  7 18:29:50 Trilift systemd[1]: Finished Load Kernel Module drm.
Mar  7 18:29:50 Trilift systemd[1]: Finished Coldplug All udev Devices.
Mar  7 18:29:50 Trilift systemd[1]: Activated swap /swapfile.
Mar  7 18:29:50 Trilift systemd[1]: Reached target Swaps.
Mar  7 18:29:50 Trilift systemd[1]: Finished Set the console keyboard layout.
Mar  7 18:29:50 Trilift systemd[1]: Finished Flush Journal to Persistent Storage.
Mar  7 18:29:50 Trilift systemd-modules-load[208]: Inserted module 'lp'
Mar  7 18:29:50 Trilift systemd[1]: Finished Create System Users.
Mar  7 18:29:50 Trilift systemd[1]: Starting Create Static Device Nodes in /dev...
Mar  7 18:29:50 Trilift kernel: [    0.000000] Linux version 6.5.0-21-generic (buildd@lcy02-amd64-091) (x86_64-linux-gnu-gcc-12 (Ubuntu 12.3.0-1ubuntu1~22.04) 12.3.0, GNU ld (GNU Binutils for Ubuntu) 2.38) #21~22.04.1-Ubuntu SMP PREEMPT_DYNAMIC Fri Feb  9 13:32:52 UTC 2 (Ubuntu 6.5.0-21.21~22.04.1-generic 6.5.8)
Mar  7 18:29:50 Trilift kernel: [    0.000000] Command line: BOOT_IMAGE=/boot/vmlinuz-6.5.0-21-generic root=UUID=625d2783-5e73-4b7c-8385-e9f345f9b507 ro quiet splash
Mar  7 18:29:50 Trilift kernel: [    0.000000] KERNEL supported cpus:
Mar  7 18:29:50 Trilift kernel: [    0.000000]   Intel GenuineIntel
Mar  7 18:29:50 Trilift systemd-modules-load[208]: Inserted module 'ppdev'
Mar  7 18:29:50 Trilift kernel: [    0.000000]   AMD AuthenticAMD
Mar  7 18:29:50 Trilift kernel: [    0.000000]   Hygon HygonGenuine
Mar  7 18:29:50 Trilift kernel: [    0.000000]   Centaur CentaurHauls
Mar  7 18:29:50 Trilift kernel: [    0.000000]   zhaoxin   Shanghai  
Mar  7 18:29:50 Trilift systemd-modules-load[208]: Inserted module 'parport_pc'
Mar  7 18:29:50 Trilift kernel: [    0.000000] [Firmware Bug]: TSC doesn't count with P0 frequency!
Mar  7 18:29:50 Trilift kernel: [    0.000000] BIOS-provided physical RAM map:
Mar  7 18:29:50 Trilift kernel: [    0.000000] BIOS-e820: [mem 0x0000000000000000-0x000000000009fbff] usable
Mar  7 18:29:50 Trilift kernel: [    0.000000] BIOS-e820: [mem 0x000000000009fc00-0x000000000009ffff] reserved
Mar  7 18:29:50 Trilift kernel: [    0.000000] BIOS-e820: [mem 0x00000000000f0000-0x00000000000fffff] reserved
Mar  7 18:29:50 Trilift systemd-modules-load[208]: Inserted module 'msr'
Mar  7 18:29:50 Trilift kernel: [    0.000000] BIOS-e820: [mem 0x0000000000100000-0x00000000dffeffff] usable
Mar  7 18:29:50 Trilift kernel: [    0.000000] BIOS-e820: [mem 0x00000000dfff0000-0x00000000dfffffff] ACPI data
Mar  7 18:29:50 Trilift kernel: [    0.000000] BIOS-e820: [mem 0x00000000fec00000-0x00000000fec00fff] reserved
Mar  7 18:29:50 Trilift kernel: [    0.000000] BIOS-e820: [mem 0x00000000fee00000-0x00000000fee00fff] reserved
Mar  7 18:29:50 Trilift kernel: [    0.000000] BIOS-e820: [mem 0x00000000fffc0000-0x00000000ffffffff] reserved
Mar  7 18:29:50 Trilift kernel: [    0.000000] BIOS-e820: [mem 0x0000000100000000-0x00000001587fffff] usable
Mar  7 18:29:50 Trilift kernel: [    0.000000] NX (Execute Disable) protection: active
Mar  7 18:29:50 Trilift systemd-modules-load[208]: Module 'fuse' is built in
Mar  7 18:29:50 Trilift systemd[1]: Finished Create Static Device Nodes in /dev.
Mar  7 18:29:50 Trilift kernel: [    0.000000] SMBIOS 2.5 present.
Mar  7 18:29:50 Trilift kernel: [    0.000000] DMI: innotek GmbH VirtualBox/VirtualBox, BIOS VirtualBox 12/01/2006
Mar  7 18:29:50 Trilift kernel: [    0.000000] Hypervisor detected: KVM
Mar  7 18:29:50 Trilift kernel: [    0.000000] kvm-clock: Using msrs 4b564d01 and 4b564d00
Mar  7 18:29:50 Trilift kernel: [    0.000002] kvm-clock: using sched offset of 4530437174 cycles
Mar  7 18:29:50 Trilift kernel: [    0.000004] clocksource: kvm-clock: mask: 0xffffffffffffffff max_cycles: 0x1cd42e4dffb, max_idle_ns: 881590591483 ns
Mar  7 18:29:50 Trilift systemd[1]: Reached target Preparation for Local File Systems.
Mar  7 18:29:50 Trilift kernel: [    0.000007] tsc: Detected 3600.002 MHz processor
Mar  7 18:29:50 Trilift kernel: [    0.001096] e820: update [mem 0x00000000-0x00000fff] usable ==> reserved
Mar  7 18:29:50 Trilift kernel: [    0.001099] e820: remove [mem 0x000a0000-0x000fffff] usable
Mar  7 18:29:50 Trilift kernel: [    0.001104] last_pfn = 0x158800 max_arch_pfn = 0x400000000
Mar  7 18:29:50 Trilift kernel: [    0.001118] MTRRs disabled by BIOS
Mar  7 18:29:50 Trilift kernel: [    0.001121] x86/PAT: Configuration [0-7]: WB  WC  UC- UC  WB  WP  UC- WT  
Mar  7 18:29:50 Trilift kernel: [    0.001137] last_pfn = 0xdfff0 max_arch_pfn = 0x400000000
Mar  7 18:29:50 Trilift systemd[1]: Mounting Mount unit for bare, revision 5...
Mar  7 18:29:50 Trilift kernel: [    0.001162] found SMP MP-table at [mem 0x0009fff0-0x0009ffff]
Mar  7 18:29:50 Trilift kernel: [    0.001793] RAMDISK: [mem 0x2fa07000-0x33cfafff]
Mar  7 18:29:50 Trilift kernel: [    0.001801] ACPI: Early table checksum verification disabled
Mar  7 18:29:50 Trilift kernel: [    0.001805] ACPI: RSDP 0x00000000000E0000 000024 (v02 VBOX  )
Mar  7 18:29:50 Trilift kernel: [    0.001809] ACPI: XSDT 0x00000000DFFF0030 00003C (v01 VBOX   VBOXXSDT 00000001 ASL  00000061)
Mar  7 18:29:50 Trilift kernel: [    0.001814] ACPI: FACP 0x00000000DFFF00F0 0000F4 (v04 VBOX   VBOXFACP 00000001 ASL  00000061)
Mar  7 18:29:50 Trilift systemd[1]: Mounting Mount unit for core22, revision 1122...
Mar  7 18:29:50 Trilift kernel: [    0.001819] ACPI: DSDT 0x00000000DFFF0620 002353 (v02 VBOX   VBOXBIOS 00000002 INTL 20100528)
Mar  7 18:29:50 Trilift kernel: [    0.001822] ACPI: FACS 0x00000000DFFF0200 000040
Mar  7 18:29:50 Trilift kernel: [    0.001824] ACPI: FACS 0x00000000DFFF0200 000040
Mar  7 18:29:50 Trilift kernel: [    0.001826] ACPI: APIC 0x00000000DFFF0240 000064 (v02 VBOX   VBOXAPIC 00000001 ASL  00000061)
Mar  7 18:29:50 Trilift kernel: [    0.001829] ACPI: SSDT 0x00000000DFFF02B0 00036C (v01 VBOX   VBOXCPUT 00000002 INTL 20100528)
Mar  7 18:29:50 Trilift kernel: [    0.001831] ACPI: Reserving FACP table memory at [mem 0xdfff00f0-0xdfff01e3]
Mar  7 18:29:50 Trilift systemd[1]: Mounting Mount unit for firefox, revision 3836...
Mar  7 18:29:50 Trilift kernel: [    0.001832] ACPI: Reserving DSDT table memory at [mem 0xdfff0620-0xdfff2972]
Mar  7 18:29:50 Trilift kernel: [    0.001833] ACPI: Reserving FACS table memory at [mem 0xdfff0200-0xdfff023f]
Mar  7 18:29:50 Trilift kernel: [    0.001834] ACPI: Reserving FACS table memory at [mem 0xdfff0200-0xdfff023f]
Mar  7 18:29:50 Trilift kernel: [    0.001835] ACPI: Reserving APIC table memory at [mem 0xdfff0240-0xdfff02a3]
Mar  7 18:29:50 Trilift kernel: [    0.001835] ACPI: Reserving SSDT table memory at [mem 0xdfff02b0-0xdfff061b]
Mar  7 18:29:50 Trilift kernel: [    0.002077] No NUMA configuration found
Mar  7 18:29:50 Trilift kernel: [    0.002078] Faking a node at [mem 0x0000000000000000-0x00000001587fffff]
Mar  7 18:29:50 Trilift systemd[1]: Mounting Mount unit for gnome-42-2204, revision 141...
Mar  7 18:29:50 Trilift kernel: [    0.002086] NODE_DATA(0) allocated [mem 0x1587d1000-0x1587fbfff]
Mar  7 18:29:50 Trilift kernel: [    0.002233] Zone ranges:
Mar  7 18:29:50 Trilift kernel: [    0.002233]   DMA      [mem 0x0000000000001000-0x0000000000ffffff]
Mar  7 18:29:50 Trilift kernel: [    0.002235]   DMA32    [mem 0x0000000001000000-0x00000000ffffffff]
Mar  7 18:29:50 Trilift kernel: [    0.002237]   Normal   [mem 0x0000000100000000-0x00000001587fffff]
Mar  7 18:29:50 Trilift systemd[1]: Mounting Mount unit for gtk-common-themes, revision 1535...
Mar  7 18:29:50 Trilift kernel: [    0.002238]   Device   empty
Mar  7 18:29:50 Trilift kernel: [    0.002239] Movable zone start for each node
Mar  7 18:29:50 Trilift kernel: [    0.002240] Early memory node ranges
Mar  7 18:29:50 Trilift kernel: [    0.002241]   node   0: [mem 0x0000000000001000-0x000000000009efff]
Mar  7 18:29:50 Trilift kernel: [    0.002242]   node   0: [mem 0x0000000000100000-0x00000000dffeffff]
Mar  7 18:29:50 Trilift systemd[1]: Mounting Mount unit for snap-store, revision 959...
Mar  7 18:29:50 Trilift kernel: [    0.002243]   node   0: [mem 0x0000000100000000-0x00000001587fffff]
Mar  7 18:29:50 Trilift kernel: [    0.002244] Initmem setup node 0 [mem 0x0000000000001000-0x00000001587fffff]
Mar  7 18:29:50 Trilift kernel: [    0.002506] On node 0, zone DMA: 1 pages in unavailable ranges
Mar  7 18:29:50 Trilift kernel: [    0.002519] On node 0, zone DMA: 97 pages in unavailable ranges
Mar  7 18:29:50 Trilift systemd[1]: Mounting Mount unit for snapd, revision 20671...
Mar  7 18:29:50 Trilift kernel: [    0.019160] On node 0, zone Normal: 16 pages in unavailable ranges
Mar  7 18:29:50 Trilift kernel: [    0.019365] On node 0, zone Normal: 30720 pages in unavailable ranges
Mar  7 18:29:50 Trilift kernel: [    0.019652] ACPI: PM-Timer IO Port: 0x4008
Mar  7 18:29:50 Trilift kernel: [    0.019705] IOAPIC[0]: apic_id 3, version 32, address 0xfec00000, GSI 0-23
Mar  7 18:29:50 Trilift kernel: [    0.019708] ACPI: INT_SRC_OVR (bus 0 bus_irq 0 global_irq 2 dfl dfl)
Mar  7 18:29:50 Trilift kernel: [    0.019710] ACPI: INT_SRC_OVR (bus 0 bus_irq 9 global_irq 9 low level)
Mar  7 18:29:50 Trilift kernel: [    0.019714] ACPI: Using ACPI (MADT) for SMP configuration information
Mar  7 18:29:50 Trilift kernel: [    0.019719] smpboot: Allowing 3 CPUs, 0 hotplug CPUs
Mar  7 18:29:50 Trilift kernel: [    0.019738] PM: hibernation: Registered nosave memory: [mem 0x00000000-0x00000fff]
Mar  7 18:29:50 Trilift kernel: [    0.019740] PM: hibernation: Registered nosave memory: [mem 0x0009f000-0x0009ffff]
Mar  7 18:29:50 Trilift systemd-modules-load[208]: Inserted module 'vmwgfx'
Mar  7 18:29:50 Trilift kernel: [    0.019741] PM: hibernation: Registered nosave memory: [mem 0x000a0000-0x000effff]
Mar  7 18:29:50 Trilift kernel: [    0.019742] PM: hibernation: Registered nosave memory: [mem 0x000f0000-0x000fffff]
Mar  7 18:29:50 Trilift kernel: [    0.019742] PM: hibernation: Registered nosave memory: [mem 0xdfff0000-0xdfffffff]
Mar  7 18:29:50 Trilift kernel: [    0.019743] PM: hibernation: Registered nosave memory: [mem 0xe0000000-0xfebfffff]
Mar  7 18:29:50 Trilift kernel: [    0.019744] PM: hibernation: Registered nosave memory: [mem 0xfec00000-0xfec00fff]
Mar  7 18:29:50 Trilift kernel: [    0.019745] PM: hibernation: Registered nosave memory: [mem 0xfec01000-0xfedfffff]
Mar  7 18:29:50 Trilift kernel: [    0.019745] PM: hibernation: Registered nosave memory: [mem 0xfee00000-0xfee00fff]
Mar  7 18:29:50 Trilift kernel: [    0.019746] PM: hibernation: Registered nosave memory: [mem 0xfee01000-0xfffbffff]
Mar  7 18:29:50 Trilift systemd[1]: Mounting Mount unit for snapd-desktop-integration, revision 83...
Mar  7 18:29:50 Trilift kernel: [    0.019746] PM: hibernation: Registered nosave memory: [mem 0xfffc0000-0xffffffff]
Mar  7 18:29:50 Trilift kernel: [    0.019748] [mem 0xe0000000-0xfebfffff] available for PCI devices
Mar  7 18:29:50 Trilift kernel: [    0.019749] Booting paravirtualized kernel on KVM
Mar  7 18:29:50 Trilift kernel: [    0.019752] clocksource: refined-jiffies: mask: 0xffffffff max_cycles: 0xffffffff, max_idle_ns: 7645519600211568 ns
Mar  7 18:29:50 Trilift systemd[1]: Starting Rule-based Manager for Device Events and Files...
Mar  7 18:29:50 Trilift kernel: [    0.019759] setup_percpu: NR_CPUS:8192 nr_cpumask_bits:3 nr_cpu_ids:3 nr_node_ids:1
Mar  7 18:29:50 Trilift kernel: [    0.020211] percpu: Embedded 63 pages/cpu s221184 r8192 d28672 u524288
Mar  7 18:29:50 Trilift systemd[1]: Finished Load Kernel Modules.
Mar  7 18:29:50 Trilift kernel: [    0.020215] pcpu-alloc: s221184 r8192 d28672 u524288 alloc=1*2097152
Mar  7 18:29:50 Trilift kernel: [    0.020217] pcpu-alloc: [0] 0 1 2 - 
Mar  7 18:29:50 Trilift kernel: [    0.020234] kvm-guest: PV spinlocks enabled
Mar  7 18:29:50 Trilift kernel: [    0.020235] PV qspinlock hash table entries: 256 (order: 0, 4096 bytes, linear)
Mar  7 18:29:50 Trilift kernel: [    0.020242] Kernel command line: BOOT_IMAGE=/boot/vmlinuz-6.5.0-21-generic root=UUID=625d2783-5e73-4b7c-8385-e9f345f9b507 ro quiet splash
Mar  7 18:29:50 Trilift kernel: [    0.020306] Unknown kernel command line parameters "splash BOOT_IMAGE=/boot/vmlinuz-6.5.0-21-generic", will be passed to user space.
Mar  7 18:29:50 Trilift systemd[1]: Mounted Mount unit for bare, revision 5.
Mar  7 18:29:50 Trilift kernel: [    0.022388] Dentry cache hash table entries: 1048576 (order: 11, 8388608 bytes, linear)
Mar  7 18:29:50 Trilift kernel: [    0.023155] Inode-cache hash table entries: 524288 (order: 10, 4194304 bytes, linear)
Mar  7 18:29:50 Trilift kernel: [    0.023250] Fallback order for Node 0: 0 
Mar  7 18:29:50 Trilift kernel: [    0.023254] Built 1 zonelists, mobility grouping on.  Total pages: 1259728
Mar  7 18:29:50 Trilift kernel: [    0.023256] Policy zone: Normal
Mar  7 18:29:50 Trilift kernel: [    0.023264] mem auto-init: stack:all(zero), heap alloc:on, heap free:off
Mar  7 18:29:50 Trilift systemd[1]: Starting Apply Kernel Variables...
Mar  7 18:29:50 Trilift kernel: [    0.023271] software IO TLB: area num 4.
Mar  7 18:29:50 Trilift kernel: [    0.054499] Memory: 4827056K/5119544K available (20480K kernel code, 4264K rwdata, 13180K rodata, 4792K init, 17396K bss, 292228K reserved, 0K cma-reserved)
Mar  7 18:29:50 Trilift kernel: [    0.060235] SLUB: HWalign=64, Order=0-3, MinObjects=0, CPUs=3, Nodes=1
Mar  7 18:29:50 Trilift systemd[1]: Mounted Mount unit for core22, revision 1122.
Mar  7 18:29:50 Trilift systemd[1]: Mounted Mount unit for gnome-42-2204, revision 141.
Mar  7 18:29:50 Trilift systemd[1]: Mounted Mount unit for firefox, revision 3836.
Mar  7 18:29:50 Trilift systemd[1]: Mounted Mount unit for snap-store, revision 959.
Mar  7 18:29:50 Trilift systemd[1]: Mounted Mount unit for snapd, revision 20671.
Mar  7 18:29:50 Trilift systemd[1]: Mounted Mount unit for gtk-common-themes, revision 1535.
Mar  7 18:29:50 Trilift systemd[1]: Mounted Mount unit for snapd-desktop-integration, revision 83.
Mar  7 18:29:50 Trilift systemd[1]: Reached target Mounted snaps.
Mar  7 18:29:50 Trilift systemd[1]: Finished Apply Kernel Variables.
Mar  7 18:29:50 Trilift systemd[1]: Started Rule-based Manager for Device Events and Files.
Mar  7 18:29:50 Trilift systemd[1]: Starting Show Plymouth Boot Screen...
Mar  7 18:29:50 Trilift systemd[1]: Received SIGRTMIN+20 from PID 269 (plymouthd).
Mar  7 18:29:50 Trilift systemd[1]: Started Show Plymouth Boot Screen.
Mar  7 18:29:50 Trilift systemd[1]: Condition check resulted in Dispatch Password Requests to Console Directory Watch being skipped.
Mar  7 18:29:50 Trilift systemd[1]: Started Forward Password Requests to Plymouth Directory Watch.
Mar  7 18:29:50 Trilift systemd[1]: Reached target Local Encrypted Volumes.
Mar  7 18:29:50 Trilift systemd-udevd[262]: Using default interface naming scheme 'v249'.
Mar  7 18:29:50 Trilift systemd-udevd[255]: sda: Process '/usr/bin/unshare -m /usr/bin/snap auto-import --mount=/dev/sda' failed with exit code 1.
Mar  7 18:29:50 Trilift systemd-udevd[257]: sr0: Process '/usr/bin/unshare -m /usr/bin/snap auto-import --mount=/dev/sr0' failed with exit code 1.
Mar  7 18:29:50 Trilift systemd[1]: Listening on Load/Save RF Kill Switch Status /dev/rfkill Watch.
Mar  7 18:29:50 Trilift kernel: [    0.060368] ftrace: allocating 55208 entries in 216 pages
Mar  7 18:29:50 Trilift kernel: [    0.069007] ftrace: allocated 216 pages with 4 groups
Mar  7 18:29:50 Trilift kernel: [    0.069745] Dynamic Preempt: voluntary
Mar  7 18:29:50 Trilift mtp-probe: checking bus 1, device 2: "/sys/devices/pci0000:00/0000:00:06.0/usb1/1-1"
Mar  7 18:29:50 Trilift kernel: [    0.070079] rcu: Preemptible hierarchical RCU implementation.
Mar  7 18:29:50 Trilift kernel: [    0.070080] rcu: 	RCU restricting CPUs from NR_CPUS=8192 to nr_cpu_ids=3.
Mar  7 18:29:50 Trilift kernel: [    0.070082] 	Trampoline variant of Tasks RCU enabled.
Mar  7 18:29:50 Trilift kernel: [    0.070082] 	Rude variant of Tasks RCU enabled.
Mar  7 18:29:50 Trilift kernel: [    0.070083] 	Tracing variant of Tasks RCU enabled.
Mar  7 18:29:50 Trilift kernel: [    0.070083] rcu: RCU calculated value of scheduler-enlistment delay is 25 jiffies.
Mar  7 18:29:50 Trilift kernel: [    0.070084] rcu: Adjusting geometry for rcu_fanout_leaf=16, nr_cpu_ids=3
Mar  7 18:29:50 Trilift mtp-probe: bus: 1, device: 2 was not an MTP device
Mar  7 18:29:50 Trilift kernel: [    0.073255] NR_IRQS: 524544, nr_irqs: 448, preallocated irqs: 16
Mar  7 18:29:50 Trilift kernel: [    0.073444] rcu: srcu_init: Setting srcu_struct sizes based on contention.
Mar  7 18:29:50 Trilift kernel: [    0.079781] Console: colour VGA+ 80x25
Mar  7 18:29:50 Trilift kernel: [    0.079785] printk: console [tty0] enabled
Mar  7 18:29:50 Trilift systemd-udevd[266]: sda3: Process '/usr/bin/unshare -m /usr/bin/snap auto-import --mount=/dev/sda3' failed with exit code 1.
Mar  7 18:29:50 Trilift kernel: [    0.079930] ACPI: Core revision 20230331
Mar  7 18:29:50 Trilift kernel: [    0.080125] APIC: Switch to symmetric I/O mode setup
Mar  7 18:29:50 Trilift kernel: [    0.080294] x2apic enabled
Mar  7 18:29:50 Trilift kernel: [    0.080471] Switched APIC routing to physical x2apic.
Mar  7 18:29:50 Trilift kernel: [    0.081292] ..TIMER: vector=0x30 apic1=0 pin1=2 apic2=-1 pin2=-1
Mar  7 18:29:50 Trilift kernel: [    0.081310] clocksource: tsc-early: mask: 0xffffffffffffffff max_cycles: 0x33e4559ce44, max_idle_ns: 440795364889 ns
Mar  7 18:29:50 Trilift kernel: [    0.081317] Calibrating delay loop (skipped) preset value.. 7200.00 BogoMIPS (lpj=14400008)
Mar  7 18:29:50 Trilift systemd-udevd[250]: sda1: Process '/usr/bin/unshare -m /usr/bin/snap auto-import --mount=/dev/sda1' failed with exit code 1.
Mar  7 18:29:50 Trilift kernel: [    0.081391] Last level iTLB entries: 4KB 1024, 2MB 1024, 4MB 512
Mar  7 18:29:50 Trilift kernel: [    0.081393] Last level dTLB entries: 4KB 2048, 2MB 2048, 4MB 1024, 1GB 0
Mar  7 18:29:50 Trilift kernel: [    0.081396] Spectre V1 : Mitigation: usercopy/swapgs barriers and __user pointer sanitization
Mar  7 18:29:50 Trilift kernel: [    0.081397] Spectre V2 : Mitigation: Retpolines
Mar  7 18:29:50 Trilift kernel: [    0.081398] Spectre V2 : Spectre v2 / SpectreRSB mitigation: Filling RSB on context switch
Mar  7 18:29:50 Trilift kernel: [    0.081398] Spectre V2 : Spectre v2 / SpectreRSB : Filling RSB on VMEXIT
Mar  7 18:29:50 Trilift kernel: [    0.081399] RETBleed: Mitigation: untrained return thunk
Mar  7 18:29:50 Trilift kernel: [    0.081401] Speculative Return Stack Overflow: IBPB-extending microcode not applied!
Mar  7 18:29:50 Trilift systemd-udevd[255]: sda2: Process '/usr/bin/unshare -m /usr/bin/snap auto-import --mount=/dev/sda2' failed with exit code 1.
Mar  7 18:29:50 Trilift kernel: [    0.081402] Speculative Return Stack Overflow: WARNING: See https://kernel.org/doc/html/latest/admin-guide/hw-vuln/srso.html for mitigation options.
Mar  7 18:29:50 Trilift kernel: [    0.081402] Speculative Return Stack Overflow: Mitigation: safe RET, no microcode
Mar  7 18:29:50 Trilift kernel: [    0.081415] x86/fpu: Supporting XSAVE feature 0x001: 'x87 floating point registers'
Mar  7 18:29:50 Trilift kernel: [    0.081416] x86/fpu: Supporting XSAVE feature 0x002: 'SSE registers'
Mar  7 18:29:50 Trilift kernel: [    0.081417] x86/fpu: Supporting XSAVE feature 0x004: 'AVX registers'
Mar  7 18:29:50 Trilift kernel: [    0.081418] x86/fpu: xstate_offset[2]:  576, xstate_sizes[2]:  256
Mar  7 18:29:50 Trilift systemd[1]: Found device VBOX_HARDDISK EFI\x20System\x20Partition.
Mar  7 18:29:50 Trilift kernel: [    0.081419] x86/fpu: Enabled xstate features 0x7, context size is 832 bytes, using 'standard' format.
Mar  7 18:29:50 Trilift kernel: [    0.107743] Freeing SMP alternatives memory: 44K
Mar  7 18:29:50 Trilift kernel: [    0.107751] pid_max: default: 32768 minimum: 301
Mar  7 18:29:50 Trilift kernel: [    0.108357] LSM: initializing lsm=lockdown,capability,landlock,yama,apparmor,integrity
Mar  7 18:29:50 Trilift kernel: [    0.108584] landlock: Up and running.
Mar  7 18:29:50 Trilift kernel: [    0.108586] Yama: becoming mindful.
Mar  7 18:29:50 Trilift systemd[1]: Starting File System Check on /dev/disk/by-uuid/192E-E939...
Mar  7 18:29:50 Trilift kernel: [    0.108651] AppArmor: AppArmor initialized
Mar  7 18:29:50 Trilift kernel: [    0.108853] Mount-cache hash table entries: 16384 (order: 5, 131072 bytes, linear)
Mar  7 18:29:50 Trilift kernel: [    0.108866] Mountpoint-cache hash table entries: 16384 (order: 5, 131072 bytes, linear)
Mar  7 18:29:50 Trilift kernel: [    0.217790] smpboot: CPU0: AMD Ryzen 5 3600 6-Core Processor (family: 0x17, model: 0x71, stepping: 0x0)
Mar  7 18:29:50 Trilift systemd[1]: Started File System Check Daemon to report status.
Mar  7 18:29:50 Trilift kernel: [    0.218036] RCU Tasks: Setting shift to 2 and lim to 1 rcu_task_cb_adjust=1.
Mar  7 18:29:50 Trilift kernel: [    0.218058] RCU Tasks Rude: Setting shift to 2 and lim to 1 rcu_task_cb_adjust=1.
Mar  7 18:29:50 Trilift kernel: [    0.218076] RCU Tasks Trace: Setting shift to 2 and lim to 1 rcu_task_cb_adjust=1.
Mar  7 18:29:50 Trilift kernel: [    0.218094] Performance Events: PMU not available due to virtualization, using software events only.
Mar  7 18:29:50 Trilift kernel: [    0.218119] signal: max sigframe size: 1776
Mar  7 18:29:50 Trilift systemd-fsck[449]: fsck.fat 4.2 (2021-01-31)
Mar  7 18:29:50 Trilift kernel: [    0.218161] rcu: Hierarchical SRCU implementation.
Mar  7 18:29:50 Trilift kernel: [    0.218163] rcu: 	Max phase no-delay instances is 1000.
Mar  7 18:29:50 Trilift kernel: [    0.221480] NMI watchdog: Perf NMI watchdog permanently disabled
Mar  7 18:29:50 Trilift kernel: [    0.221540] smp: Bringing up secondary CPUs ...
Mar  7 18:29:50 Trilift systemd-fsck[449]: /dev/sda2: 11 files, 1555/131063 clusters
Mar  7 18:29:50 Trilift kernel: [    0.221675] smpboot: x86: Booting SMP configuration:
Mar  7 18:29:50 Trilift kernel: [    0.221676] .... node  #0, CPUs:      #1 #2
Mar  7 18:29:50 Trilift kernel: [    0.225359] smp: Brought up 1 node, 3 CPUs
Mar  7 18:29:50 Trilift kernel: [    0.225365] smpboot: Max logical packages: 1
Mar  7 18:29:50 Trilift kernel: [    0.225367] smpboot: Total of 3 processors activated (21600.01 BogoMIPS)
Mar  7 18:29:50 Trilift kernel: [    0.225848] devtmpfs: initialized
Mar  7 18:29:50 Trilift kernel: [    0.225848] x86/mm: Memory block size: 128MB
Mar  7 18:29:50 Trilift kernel: [    0.226417] clocksource: jiffies: mask: 0xffffffff max_cycles: 0xffffffff, max_idle_ns: 7645041785100000 ns
Mar  7 18:29:50 Trilift kernel: [    0.226417] futex hash table entries: 1024 (order: 4, 65536 bytes, linear)
Mar  7 18:29:50 Trilift kernel: [    0.226417] pinctrl core: initialized pinctrl subsystem
Mar  7 18:29:50 Trilift systemd[1]: Finished File System Check on /dev/disk/by-uuid/192E-E939.
Mar  7 18:29:50 Trilift kernel: [    0.229316] PM: RTC time: 10:29:22, date: 2024-03-07
Mar  7 18:29:50 Trilift kernel: [    0.230241] NET: Registered PF_NETLINK/PF_ROUTE protocol family
Mar  7 18:29:50 Trilift kernel: [    0.230696] DMA: preallocated 1024 KiB GFP_KERNEL pool for atomic allocations
Mar  7 18:29:50 Trilift kernel: [    0.230762] DMA: preallocated 1024 KiB GFP_KERNEL|GFP_DMA pool for atomic allocations
Mar  7 18:29:50 Trilift kernel: [    0.230851] DMA: preallocated 1024 KiB GFP_KERNEL|GFP_DMA32 pool for atomic allocations
Mar  7 18:29:50 Trilift systemd[1]: Mounting /boot/efi...
Mar  7 18:29:50 Trilift kernel: [    0.230866] audit: initializing netlink subsys (disabled)
Mar  7 18:29:50 Trilift kernel: [    0.230897] audit: type=2000 audit(1709807366.917:1): state=initialized audit_enabled=0 res=1
Mar  7 18:29:50 Trilift kernel: [    0.230897] thermal_sys: Registered thermal governor 'fair_share'
Mar  7 18:29:50 Trilift systemd[1]: Mounted /boot/efi.
Mar  7 18:29:50 Trilift kernel: [    0.230897] thermal_sys: Registered thermal governor 'bang_bang'
Mar  7 18:29:50 Trilift kernel: [    0.230897] thermal_sys: Registered thermal governor 'step_wise'
Mar  7 18:29:50 Trilift kernel: [    0.230897] thermal_sys: Registered thermal governor 'user_space'
Mar  7 18:29:50 Trilift kernel: [    0.230897] thermal_sys: Registered thermal governor 'power_allocator'
Mar  7 18:29:50 Trilift kernel: [    0.230897] EISA bus registered
Mar  7 18:29:50 Trilift kernel: [    0.230897] cpuidle: using governor ladder
Mar  7 18:29:50 Trilift kernel: [    0.230897] cpuidle: using governor menu
Mar  7 18:29:50 Trilift kernel: [    0.230897] acpiphp: ACPI Hot Plug PCI Controller Driver version: 0.5
Mar  7 18:29:50 Trilift kernel: [    0.230897] PCI: Using configuration type 1 for base access
Mar  7 18:29:50 Trilift systemd[1]: Reached target Local File Systems.
Mar  7 18:29:50 Trilift kernel: [    0.230897] PCI: Using configuration type 1 for extended access
Mar  7 18:29:50 Trilift kernel: [    0.230897] kprobes: kprobe jump-optimization is enabled. All kprobes are optimized if possible.
Mar  7 18:29:50 Trilift kernel: [    0.230897] HugeTLB: registered 2.00 MiB page size, pre-allocated 0 pages
Mar  7 18:29:50 Trilift kernel: [    0.230897] HugeTLB: 28 KiB vmemmap can be freed for a 2.00 MiB page
Mar  7 18:29:50 Trilift kernel: [    0.230897] ACPI: Added _OSI(Module Device)
Mar  7 18:29:50 Trilift kernel: [    0.230897] ACPI: Added _OSI(Processor Device)
Mar  7 18:29:50 Trilift kernel: [    0.230897] ACPI: Added _OSI(3.0 _SCP Extensions)
Mar  7 18:29:50 Trilift systemd[1]: Starting Load AppArmor profiles...
Mar  7 18:29:50 Trilift kernel: [    0.230897] ACPI: Added _OSI(Processor Aggregator Device)
Mar  7 18:29:50 Trilift kernel: [    0.237313] ACPI: 2 ACPI AML tables successfully acquired and loaded
Mar  7 18:29:50 Trilift kernel: [    0.239166] ACPI: Interpreter enabled
Mar  7 18:29:50 Trilift kernel: [    0.239183] ACPI: PM: (supports S0 S5)
Mar  7 18:29:50 Trilift systemd[1]: Starting Set console font and keymap...
Mar  7 18:29:50 Trilift kernel: [    0.239185] ACPI: Using IOAPIC for interrupt routing
Mar  7 18:29:50 Trilift kernel: [    0.239856] PCI: Using host bridge windows from ACPI; if necessary, use "pci=nocrs" and report a bug
Mar  7 18:29:50 Trilift kernel: [    0.239859] PCI: Using E820 reservations for host bridge windows
Mar  7 18:29:50 Trilift kernel: [    0.240053] ACPI: Enabled 2 GPEs in block 00 to 07
Mar  7 18:29:50 Trilift kernel: [    0.248844] ACPI: PCI Root Bridge [PCI0] (domain 0000 [bus 00-ff])
Mar  7 18:29:50 Trilift kernel: [    0.248853] acpi PNP0A03:00: _OSC: OS supports [ExtendedConfig ASPM ClockPM Segments MSI EDR HPX-Type3]
Mar  7 18:29:50 Trilift systemd[1]: Starting Tell Plymouth To Write Out Runtime Data...
Mar  7 18:29:50 Trilift kernel: [    0.249702] acpi PNP0A03:00: _OSC: platform does not support [PCIeCapability LTR DPC]
Mar  7 18:29:50 Trilift systemd[1]: Starting Set Up Additional Binary Formats...
Mar  7 18:29:50 Trilift kernel: [    0.250656] acpi PNP0A03:00: _OSC: not requesting control; platform does not support [PCIeCapability]
Mar  7 18:29:50 Trilift kernel: [    0.250660] acpi PNP0A03:00: _OSC: OS requested [PCIeHotplug SHPCHotplug PME AER PCIeCapability LTR DPC]
Mar  7 18:29:50 Trilift kernel: [    0.250663] acpi PNP0A03:00: _OSC: platform willing to grant [PCIeHotplug SHPCHotplug PME AER]
Mar  7 18:29:50 Trilift kernel: [    0.250665] acpi PNP0A03:00: _OSC: platform retains control of PCIe features (AE_SUPPORT)
Mar  7 18:29:50 Trilift kernel: [    0.251173] PCI host bridge to bus 0000:00
Mar  7 18:29:50 Trilift systemd[1]: Condition check resulted in Store a System Token in an EFI Variable being skipped.
Mar  7 18:29:50 Trilift systemd[1]: Starting Commit a transient machine-id on disk...
Mar  7 18:29:50 Trilift kernel: [    0.251175] pci_bus 0000:00: root bus resource [io  0x0000-0x0cf7 window]
Mar  7 18:29:50 Trilift kernel: [    0.251178] pci_bus 0000:00: root bus resource [io  0x0d00-0xffff window]
Mar  7 18:29:50 Trilift kernel: [    0.251181] pci_bus 0000:00: root bus resource [mem 0x000a0000-0x000bffff window]
Mar  7 18:29:50 Trilift kernel: [    0.251183] pci_bus 0000:00: root bus resource [mem 0xe0000000-0xfdffffff window]
Mar  7 18:29:50 Trilift kernel: [    0.251186] pci_bus 0000:00: root bus resource [bus 00-ff]
Mar  7 18:29:50 Trilift kernel: [    0.251536] pci 0000:00:00.0: [8086:1237] type 00 class 0x060000
Mar  7 18:29:50 Trilift systemd[1]: Starting Create Volatile Files and Directories...
Mar  7 18:29:50 Trilift systemd[1]: Starting Uncomplicated firewall...
Mar  7 18:29:50 Trilift systemd[1]: Received SIGRTMIN+20 from PID 269 (plymouthd).
Mar  7 18:29:50 Trilift systemd[1]: proc-sys-fs-binfmt_misc.automount: Got automount request for /proc/sys/fs/binfmt_misc, triggered by 462 (systemd-binfmt)
Mar  7 18:29:50 Trilift systemd[1]: Mounting Arbitrary Executable File Formats File System...
Mar  7 18:29:50 Trilift systemd[1]: Finished Tell Plymouth To Write Out Runtime Data.
Mar  7 18:29:50 Trilift apparmor.systemd[459]: Restarting AppArmor
Mar  7 18:29:50 Trilift apparmor.systemd[459]: Reloading AppArmor profiles
Mar  7 18:29:50 Trilift systemd[1]: Finished Set console font and keymap.
Mar  7 18:29:50 Trilift systemd[1]: Mounted Arbitrary Executable File Formats File System.
Mar  7 18:29:50 Trilift systemd[1]: Finished Uncomplicated firewall.
Mar  7 18:29:50 Trilift systemd[1]: Reached target Preparation for Network.
Mar  7 18:29:50 Trilift systemd[1]: Finished Set Up Additional Binary Formats.
Mar  7 18:29:50 Trilift systemd[1]: Finished Create Volatile Files and Directories.
Mar  7 18:29:50 Trilift systemd[1]: Starting Userspace Out-Of-Memory (OOM) Killer...
Mar  7 18:29:50 Trilift systemd[1]: Starting Network Name Resolution...
Mar  7 18:29:50 Trilift systemd[1]: Starting Network Time Synchronization...
Mar  7 18:29:50 Trilift systemd[1]: Starting Record System Boot/Shutdown in UTMP...
Mar  7 18:29:50 Trilift systemd[1]: etc-machine\x2did.mount: Deactivated successfully.
Mar  7 18:29:50 Trilift systemd[1]: Finished Commit a transient machine-id on disk.
Mar  7 18:29:50 Trilift systemd[1]: Finished Record System Boot/Shutdown in UTMP.
Mar  7 18:29:50 Trilift systemd[1]: Started Network Time Synchronization.
Mar  7 18:29:50 Trilift kernel: [    0.251966] pci 0000:00:01.0: [8086:7000] type 00 class 0x060100
Mar  7 18:29:50 Trilift kernel: [    0.252522] pci 0000:00:01.1: [8086:7111] type 00 class 0x01018a
Mar  7 18:29:50 Trilift kernel: [    0.252780] pci 0000:00:01.1: reg 0x20: [io  0xd000-0xd00f]
Mar  7 18:29:50 Trilift kernel: [    0.252896] pci 0000:00:01.1: legacy IDE quirk: reg 0x10: [io  0x01f0-0x01f7]
Mar  7 18:29:50 Trilift kernel: [    0.252899] pci 0000:00:01.1: legacy IDE quirk: reg 0x14: [io  0x03f6]
Mar  7 18:29:50 Trilift kernel: [    0.252917] pci 0000:00:01.1: legacy IDE quirk: reg 0x18: [io  0x0170-0x0177]
Mar  7 18:29:50 Trilift systemd[1]: Reached target System Time Set.
Mar  7 18:29:50 Trilift kernel: [    0.252919] pci 0000:00:01.1: legacy IDE quirk: reg 0x1c: [io  0x0376]
Mar  7 18:29:50 Trilift kernel: [    0.253068] pci 0000:00:02.0: [15ad:0405] type 00 class 0x030000
Mar  7 18:29:50 Trilift kernel: [    0.253527] pci 0000:00:02.0: reg 0x10: [io  0xd010-0xd01f]
Mar  7 18:29:50 Trilift kernel: [    0.257342] pci 0000:00:02.0: reg 0x14: [mem 0xe0000000-0xe0ffffff pref]
Mar  7 18:29:50 Trilift kernel: [    0.259852] pci 0000:00:02.0: reg 0x18: [mem 0xf0000000-0xf01fffff]
Mar  7 18:29:50 Trilift kernel: [    0.265620] pci 0000:00:02.0: Video device with shadowed ROM at [mem 0x000c0000-0x000dffff]
Mar  7 18:29:50 Trilift systemd[1]: Started Userspace Out-Of-Memory (OOM) Killer.
Mar  7 18:29:50 Trilift kernel: [    0.265973] pci 0000:00:03.0: [8086:100e] type 00 class 0x020000
Mar  7 18:29:50 Trilift systemd-resolved[476]: Positive Trust Anchors:
Mar  7 18:29:50 Trilift kernel: [    0.269352] pci 0000:00:03.0: reg 0x10: [mem 0xf0200000-0xf021ffff]
Mar  7 18:29:50 Trilift kernel: [    0.273313] pci 0000:00:03.0: reg 0x18: [io  0xd020-0xd027]
Mar  7 18:29:50 Trilift kernel: [    0.277990] pci 0000:00:04.0: [80ee:cafe] type 00 class 0x088000
Mar  7 18:29:50 Trilift kernel: [    0.280709] pci 0000:00:04.0: reg 0x10: [io  0xd040-0xd05f]
Mar  7 18:29:50 Trilift kernel: [    0.281391] pci 0000:00:04.0: reg 0x14: [mem 0xf0400000-0xf07fffff]
Mar  7 18:29:50 Trilift kernel: [    0.285329] pci 0000:00:04.0: reg 0x18: [mem 0xf0800000-0xf0803fff pref]
Mar  7 18:29:50 Trilift systemd-resolved[476]: . IN DS 20326 8 2 e06d44b80b8f1d39a95c0b0d7c65d08458e880409bbc683457104237c7f8ec8d
Mar  7 18:29:50 Trilift kernel: [    0.292503] pci 0000:00:05.0: [8086:2415] type 00 class 0x040100
Mar  7 18:29:50 Trilift kernel: [    0.292600] pci 0000:00:05.0: reg 0x10: [io  0xd100-0xd1ff]
Mar  7 18:29:50 Trilift kernel: [    0.292647] pci 0000:00:05.0: reg 0x14: [io  0xd200-0xd23f]
Mar  7 18:29:50 Trilift kernel: [    0.293039] pci 0000:00:06.0: [106b:003f] type 00 class 0x0c0310
Mar  7 18:29:50 Trilift systemd-resolved[476]: Negative trust anchors: home.arpa 10.in-addr.arpa 16.172.in-addr.arpa 17.172.in-addr.arpa 18.172.in-addr.arpa 19.172.in-addr.arpa 20.172.in-addr.arpa 21.172.in-addr.arpa 22.172.in-addr.arpa 23.172.in-addr.arpa 24.172.in-addr.arpa 25.172.in-addr.arpa 26.172.in-addr.arpa 27.172.in-addr.arpa 28.172.in-addr.arpa 29.172.in-addr.arpa 30.172.in-addr.arpa 31.172.in-addr.arpa 168.192.in-addr.arpa d.f.ip6.arpa corp home internal intranet lan local private test
Mar  7 18:29:50 Trilift kernel: [    0.293313] pci 0000:00:06.0: reg 0x10: [mem 0xf0804000-0xf0804fff]
Mar  7 18:29:50 Trilift kernel: [    0.305491] pci 0000:00:07.0: [8086:7113] type 00 class 0x068000
Mar  7 18:29:50 Trilift kernel: [    0.305782] pci 0000:00:07.0: quirk: [io  0x4000-0x403f] claimed by PIIX4 ACPI
Mar  7 18:29:50 Trilift kernel: [    0.305805] pci 0000:00:07.0: quirk: [io  0x4100-0x410f] claimed by PIIX4 SMB
Mar  7 18:29:50 Trilift systemd-resolved[476]: Using system hostname 'Trilift'.
Mar  7 18:29:50 Trilift kernel: [    0.306672] pci 0000:00:0b.0: [8086:265c] type 00 class 0x0c0320
Mar  7 18:29:50 Trilift kernel: [    0.309341] pci 0000:00:0b.0: reg 0x10: [mem 0xf0805000-0xf0805fff]
Mar  7 18:29:50 Trilift kernel: [    0.321953] pci 0000:00:0d.0: [8086:2829] type 00 class 0x010601
Mar  7 18:29:50 Trilift kernel: [    0.324398] pci 0000:00:0d.0: reg 0x10: [io  0xd240-0xd247]
Mar  7 18:29:50 Trilift kernel: [    0.325313] pci 0000:00:0d.0: reg 0x14: [io  0xd248-0xd24b]
Mar  7 18:29:50 Trilift systemd[1]: Started Network Name Resolution.
Mar  7 18:29:50 Trilift kernel: [    0.325313] pci 0000:00:0d.0: reg 0x18: [io  0xd250-0xd257]
Mar  7 18:29:50 Trilift kernel: [    0.325415] pci 0000:00:0d.0: reg 0x1c: [io  0xd258-0xd25b]
Mar  7 18:29:50 Trilift kernel: [    0.329340] pci 0000:00:0d.0: reg 0x20: [io  0xd260-0xd26f]
Mar  7 18:29:50 Trilift kernel: [    0.331820] pci 0000:00:0d.0: reg 0x24: [mem 0xf0806000-0xf0807fff]
Mar  7 18:29:50 Trilift systemd[1]: Reached target Host and Network Name Lookups.
Mar  7 18:29:50 Trilift kernel: [    0.339457] ACPI: PCI: Interrupt link LNKA configured for IRQ 11
Mar  7 18:29:50 Trilift kernel: [    0.339994] ACPI: PCI: Interrupt link LNKB configured for IRQ 10
Mar  7 18:29:50 Trilift apparmor.systemd[493]: Skipping profile in /etc/apparmor.d/disable: usr.sbin.rsyslogd
Mar  7 18:29:50 Trilift kernel: [    0.340139] ACPI: PCI: Interrupt link LNKC configured for IRQ 9
Mar  7 18:29:50 Trilift kernel: [    0.340283] ACPI: PCI: Interrupt link LNKD configured for IRQ 11
Mar  7 18:29:50 Trilift kernel: [    0.340640] iommu: Default domain type: Translated
Mar  7 18:29:50 Trilift kernel: [    0.340640] iommu: DMA domain TLB invalidation policy: lazy mode
Mar  7 18:29:50 Trilift kernel: [    0.341534] SCSI subsystem initialized
Mar  7 18:29:50 Trilift kernel: [    0.341546] libata version 3.00 loaded.
Mar  7 18:29:50 Trilift kernel: [    0.341546] ACPI: bus type USB registered
Mar  7 18:29:50 Trilift systemd-udevd[262]: controlC0: Process '/usr/sbin/alsactl -E HOME=/run/alsa -E XDG_RUNTIME_DIR=/run/alsa/runtime restore 0' failed with exit code 99.
Mar  7 18:29:50 Trilift kernel: [    0.341546] usbcore: registered new interface driver usbfs
Mar  7 18:29:50 Trilift kernel: [    0.341546] usbcore: registered new interface driver hub
Mar  7 18:29:50 Trilift systemd[1]: Condition check resulted in Dispatch Password Requests to Console Directory Watch being skipped.
Mar  7 18:29:50 Trilift kernel: [    0.341546] usbcore: registered new device driver usb
Mar  7 18:29:50 Trilift kernel: [    0.341546] pps_core: LinuxPPS API ver. 1 registered
Mar  7 18:29:50 Trilift kernel: [    0.341546] pps_core: Software ver. 5.3.6 - Copyright 2005-2007 Rodolfo Giometti <giometti@linux.it>
Mar  7 18:29:50 Trilift kernel: [    0.341546] PTP clock support registered
Mar  7 18:29:50 Trilift systemd[1]: Starting Load Kernel Module efi_pstore...
Mar  7 18:29:50 Trilift kernel: [    0.341546] EDAC MC: Ver: 3.0.0
Mar  7 18:29:50 Trilift kernel: [    0.341689] NetLabel: Initializing
Mar  7 18:29:50 Trilift kernel: [    0.341691] NetLabel:  domain hash size = 128
Mar  7 18:29:50 Trilift kernel: [    0.341692] NetLabel:  protocols = UNLABELED CIPSOv4 CALIPSO
Mar  7 18:29:50 Trilift kernel: [    0.341718] NetLabel:  unlabeled traffic allowed by default
Mar  7 18:29:50 Trilift kernel: [    0.341741] mctp: management component transport protocol core
Mar  7 18:29:50 Trilift systemd[1]: Condition check resulted in Store a System Token in an EFI Variable being skipped.
Mar  7 18:29:50 Trilift kernel: [    0.341741] NET: Registered PF_MCTP protocol family
Mar  7 18:29:50 Trilift kernel: [    0.341741] PCI: Using ACPI for IRQ routing
Mar  7 18:29:50 Trilift systemd[1]: modprobe@efi_pstore.service: Deactivated successfully.
Mar  7 18:29:50 Trilift kernel: [    0.341741] PCI: pci_cache_line_size set to 64 bytes
Mar  7 18:29:50 Trilift kernel: [    0.341741] e820: reserve RAM buffer [mem 0x0009fc00-0x0009ffff]
Mar  7 18:29:50 Trilift kernel: [    0.341741] e820: reserve RAM buffer [mem 0xdfff0000-0xdfffffff]
Mar  7 18:29:50 Trilift kernel: [    0.341741] e820: reserve RAM buffer [mem 0x158800000-0x15bffffff]
Mar  7 18:29:50 Trilift kernel: [    0.341741] pci 0000:00:02.0: vgaarb: setting as boot VGA device
Mar  7 18:29:50 Trilift systemd[1]: Finished Load Kernel Module efi_pstore.
Mar  7 18:29:50 Trilift kernel: [    0.341741] pci 0000:00:02.0: vgaarb: bridge control possible
Mar  7 18:29:50 Trilift kernel: [    0.341741] pci 0000:00:02.0: vgaarb: VGA device added: decodes=io+mem,owns=io+mem,locks=none
Mar  7 18:29:50 Trilift systemd[1]: Condition check resulted in Platform Persistent Storage Archival being skipped.
Mar  7 18:29:50 Trilift kernel: [    0.341741] vgaarb: loaded
Mar  7 18:29:50 Trilift kernel: [    0.341741] clocksource: Switched to clocksource kvm-clock
Mar  7 18:29:50 Trilift kernel: [    0.368146] VFS: Disk quotas dquot_6.6.0
Mar  7 18:29:50 Trilift kernel: [    0.368184] VFS: Dquot-cache hash table entries: 512 (order 0, 4096 bytes)
Mar  7 18:29:50 Trilift systemd[1]: Finished Load AppArmor profiles.
Mar  7 18:29:50 Trilift kernel: [    0.368424] AppArmor: AppArmor Filesystem Enabled
Mar  7 18:29:50 Trilift kernel: [    0.368455] pnp: PnP ACPI init
Mar  7 18:29:50 Trilift kernel: [    0.369729] pnp: PnP ACPI: found 2 devices
Mar  7 18:29:50 Trilift kernel: [    0.378864] clocksource: acpi_pm: mask: 0xffffff max_cycles: 0xffffff, max_idle_ns: 2085701024 ns
Mar  7 18:29:50 Trilift kernel: [    0.379053] NET: Registered PF_INET protocol family
Mar  7 18:29:50 Trilift kernel: [    0.379395] IP idents hash table entries: 131072 (order: 8, 1048576 bytes, linear)
Mar  7 18:29:50 Trilift kernel: [    0.381253] tcp_listen_portaddr_hash hash table entries: 4096 (order: 4, 65536 bytes, linear)
Mar  7 18:29:50 Trilift systemd[1]: Starting Load AppArmor profiles managed internally by snapd...
Mar  7 18:29:50 Trilift systemd[1]: Condition check resulted in Authentication service for virtual machines hosted on VMware being skipped.
Mar  7 18:29:50 Trilift kernel: [    0.381285] Table-perturb hash table entries: 65536 (order: 6, 262144 bytes, linear)
Mar  7 18:29:50 Trilift kernel: [    0.381696] TCP established hash table entries: 65536 (order: 7, 524288 bytes, linear)
Mar  7 18:29:50 Trilift kernel: [    0.382088] TCP bind hash table entries: 65536 (order: 9, 2097152 bytes, linear)
Mar  7 18:29:50 Trilift kernel: [    0.382212] TCP: Hash tables configured (established 65536 bind 65536)
Mar  7 18:29:50 Trilift kernel: [    0.382363] MPTCP token hash table entries: 8192 (order: 5, 196608 bytes, linear)
Mar  7 18:29:50 Trilift kernel: [    0.382408] UDP hash table entries: 4096 (order: 5, 131072 bytes, linear)
Mar  7 18:29:50 Trilift systemd[1]: Condition check resulted in Service for virtual machines hosted on VMware being skipped.
Mar  7 18:29:50 Trilift kernel: [    0.382422] UDP-Lite hash table entries: 4096 (order: 5, 131072 bytes, linear)
Mar  7 18:29:50 Trilift kernel: [    0.382517] NET: Registered PF_UNIX/PF_LOCAL protocol family
Mar  7 18:29:50 Trilift kernel: [    0.382548] NET: Registered PF_XDP protocol family
Mar  7 18:29:50 Trilift kernel: [    0.382562] pci_bus 0000:00: resource 4 [io  0x0000-0x0cf7 window]
Mar  7 18:29:50 Trilift kernel: [    0.382566] pci_bus 0000:00: resource 5 [io  0x0d00-0xffff window]
Mar  7 18:29:50 Trilift kernel: [    0.382568] pci_bus 0000:00: resource 6 [mem 0x000a0000-0x000bffff window]
Mar  7 18:29:50 Trilift snapd-apparmor[495]: main.go:124: Loading profiles [/var/lib/snapd/apparmor/profiles/snap-confine.snapd.20671 /var/lib/snapd/apparmor/profiles/snap-update-ns.firefox /var/lib/snapd/apparmor/profiles/snap-update-ns.snap-store /var/lib/snapd/apparmor/profiles/snap-update-ns.snapd-desktop-integration /var/lib/snapd/apparmor/profiles/snap.firefox.firefox /var/lib/snapd/apparmor/profiles/snap.firefox.geckodriver /var/lib/snapd/apparmor/profiles/snap.firefox.hook.configure /var/lib/snapd/apparmor/profiles/snap.firefox.hook.connect-plug-host-hunspell /var/lib/snapd/apparmor/profiles/snap.firefox.hook.disconnect-plug-host-hunspell /var/lib/snapd/apparmor/profiles/snap.firefox.hook.post-refresh /var/lib/snapd/apparmor/profiles/snap.snap-store.hook.configure /var/lib/snapd/apparmor/profiles/snap.snap-store.snap-store /var/lib/snapd/apparmor/profiles/snap.snap-store.ubuntu-software /var/lib/snapd/apparmor/profiles/snap.snap-store.ubuntu-software-local-file /var/lib/snapd/apparmor/profiles/snap.snapd-desktop-integration.hook.configure /var/lib/snapd/apparmor/profiles/snap.snapd-desktop-integration.snapd-desktop-integration]
Mar  7 18:29:50 Trilift kernel: [    0.382570] pci_bus 0000:00: resource 7 [mem 0xe0000000-0xfdffffff window]
Mar  7 18:29:50 Trilift kernel: [    0.382631] pci 0000:00:00.0: Limiting direct PCI/PCI transfers
Mar  7 18:29:50 Trilift kernel: [    0.384923] PCI: CLS 0 bytes, default 64
Mar  7 18:29:50 Trilift kernel: [    0.384923] PCI-DMA: Using software bounce buffering for IO (SWIOTLB)
Mar  7 18:29:50 Trilift kernel: [    0.384923] software IO TLB: mapped [mem 0x00000000dbff0000-0x00000000dfff0000] (64MB)
Mar  7 18:29:50 Trilift systemd[1]: Finished Load AppArmor profiles managed internally by snapd.
Mar  7 18:29:50 Trilift kernel: [    0.386849] Trying to unpack rootfs image as initramfs...
Mar  7 18:29:50 Trilift kernel: [    0.386874] clocksource: tsc: mask: 0xffffffffffffffff max_cycles: 0x33e4559ce44, max_idle_ns: 440795364889 ns
Mar  7 18:29:50 Trilift systemd[1]: Reached target System Initialization.
Mar  7 18:29:50 Trilift kernel: [    0.386916] clocksource: Switched to clocksource tsc
Mar  7 18:29:50 Trilift kernel: [    0.386964] platform rtc_cmos: registered platform RTC device (no PNP device found)
Mar  7 18:29:50 Trilift kernel: [    0.387445] Initialise system trusted keyrings
Mar  7 18:29:50 Trilift kernel: [    0.387462] Key type blacklist registered
Mar  7 18:29:50 Trilift kernel: [    0.387574] workingset: timestamp_bits=36 max_order=21 bucket_order=0
Mar  7 18:29:50 Trilift kernel: [    0.387710] zbud: loaded
Mar  7 18:29:50 Trilift systemd[1]: Started ACPI Events Check.
Mar  7 18:29:50 Trilift systemd[1]: Condition check resulted in Process error reports when automatic reporting is enabled (file watch) being skipped.
Mar  7 18:29:50 Trilift kernel: [    0.389797] squashfs: version 4.0 (2009/01/31) Phillip Lougher
Mar  7 18:29:50 Trilift kernel: [    0.390608] fuse: init (API version 7.38)
Mar  7 18:29:50 Trilift kernel: [    0.390900] integrity: Platform Keyring initialized
Mar  7 18:29:50 Trilift kernel: [    0.390904] integrity: Machine keyring initialized
Mar  7 18:29:50 Trilift kernel: [    0.400118] Key type asymmetric registered
Mar  7 18:29:50 Trilift kernel: [    0.400123] Asymmetric key parser 'x509' registered
Mar  7 18:29:50 Trilift systemd[1]: Started CUPS Scheduler.
Mar  7 18:29:50 Trilift kernel: [    0.400158] Block layer SCSI generic (bsg) driver version 0.4 loaded (major 243)
Mar  7 18:29:50 Trilift systemd[1]: Started Start whoopsie on modification of the /var/crash directory.
Mar  7 18:29:50 Trilift kernel: [    0.400274] io scheduler mq-deadline registered
Mar  7 18:29:50 Trilift kernel: [    0.400632] shpchp: Standard Hot Plug PCI Controller Driver version: 0.4
Mar  7 18:29:50 Trilift kernel: [    0.400891] ACPI: AC: AC Adapter [AC] (on-line)
Mar  7 18:29:50 Trilift kernel: [    0.400957] input: Power Button as /devices/LNXSYSTM:00/LNXPWRBN:00/input/input0
Mar  7 18:29:50 Trilift kernel: [    0.401029] ACPI: button: Power Button [PWRF]
Mar  7 18:29:50 Trilift kernel: [    0.401070] input: Sleep Button as /devices/LNXSYSTM:00/LNXSLPBN:00/input/input1
Mar  7 18:29:50 Trilift systemd[1]: Started Trigger anacron every hour.
Mar  7 18:29:50 Trilift kernel: [    0.401139] ACPI: button: Sleep Button [SLPF]
Mar  7 18:29:50 Trilift kernel: [    0.401557] Serial: 8250/16550 driver, 32 ports, IRQ sharing enabled
Mar  7 18:29:50 Trilift systemd[1]: Condition check resulted in Process error reports when automatic reporting is enabled (timer based) being skipped.
Mar  7 18:29:50 Trilift systemd[1]: Started Daily apt download activities.
Mar  7 18:29:50 Trilift systemd[1]: Started Daily apt upgrade and clean activities.
Mar  7 18:29:50 Trilift systemd[1]: Started Daily dpkg database backup timer.
Mar  7 18:29:50 Trilift systemd[1]: Started Periodic ext4 Online Metadata Check for All Filesystems.
Mar  7 18:29:50 Trilift systemd[1]: Started Discard unused blocks once a week.
Mar  7 18:29:50 Trilift systemd[1]: Started Refresh fwupd metadata regularly.
Mar  7 18:29:50 Trilift systemd[1]: Started Daily rotation of log files.
Mar  7 18:29:50 Trilift systemd[1]: Started Daily man-db regeneration.
Mar  7 18:29:50 Trilift systemd[1]: Started Message of the Day.
Mar  7 18:29:50 Trilift systemd[1]: Condition check resulted in Timer to automatically fetch and run repair assertions being skipped.
Mar  7 18:29:50 Trilift systemd[1]: Started Daily Cleanup of Temporary Directories.
Mar  7 18:29:50 Trilift systemd[1]: Condition check resulted in Ubuntu Pro Timer for running repeated jobs being skipped.
Mar  7 18:29:50 Trilift systemd[1]: Reached target Path Units.
Mar  7 18:29:50 Trilift systemd[1]: Listening on ACPID Listen Socket.
Mar  7 18:29:50 Trilift systemd[1]: Condition check resulted in Unix socket for apport crash forwarding being skipped.
Mar  7 18:29:50 Trilift systemd[1]: Listening on Avahi mDNS/DNS-SD Stack Activation Socket.
Mar  7 18:29:50 Trilift systemd[1]: Listening on CUPS Scheduler.
Mar  7 18:29:50 Trilift systemd[1]: Listening on D-Bus System Message Bus Socket.
Mar  7 18:29:50 Trilift systemd[1]: Starting Socket activation for snappy daemon...
Mar  7 18:29:50 Trilift systemd[1]: Listening on UUID daemon activation socket.
Mar  7 18:29:50 Trilift systemd[1]: Listening on Socket activation for snappy daemon.
Mar  7 18:29:50 Trilift systemd[1]: Reached target Socket Units.
Mar  7 18:29:50 Trilift kernel: [    0.404783] Linux agpgart interface v0.103
Mar  7 18:29:50 Trilift kernel: [    0.407612] loop: module loaded
Mar  7 18:29:50 Trilift kernel: [    0.407844] ata_piix 0000:00:01.1: version 2.13
Mar  7 18:29:50 Trilift kernel: [    0.408491] scsi host0: ata_piix
Mar  7 18:29:50 Trilift systemd[1]: Reached target Basic System.
Mar  7 18:29:50 Trilift kernel: [    0.408685] scsi host1: ata_piix
Mar  7 18:29:50 Trilift kernel: [    0.408734] ata1: PATA max UDMA/33 cmd 0x1f0 ctl 0x3f6 bmdma 0xd000 irq 14
Mar  7 18:29:50 Trilift kernel: [    0.408737] ata2: PATA max UDMA/33 cmd 0x170 ctl 0x376 bmdma 0xd008 irq 15
Mar  7 18:29:50 Trilift kernel: [    0.408968] tun: Universal TUN/TAP device driver, 1.6
Mar  7 18:29:50 Trilift kernel: [    0.409016] PPP generic driver version 2.4.2
Mar  7 18:29:50 Trilift systemd[1]: Starting Accounts Service...
Mar  7 18:29:50 Trilift kernel: [    0.410168] ohci-pci 0000:00:06.0: OHCI PCI host controller
Mar  7 18:29:50 Trilift kernel: [    0.410181] ohci-pci 0000:00:06.0: new USB bus registered, assigned bus number 1
Mar  7 18:29:50 Trilift systemd[1]: Started ACPI event daemon.
Mar  7 18:29:50 Trilift kernel: [    0.410242] ohci-pci 0000:00:06.0: irq 22, io mem 0xf0804000
Mar  7 18:29:50 Trilift kernel: [    0.490277] usb usb1: New USB device found, idVendor=1d6b, idProduct=0001, bcdDevice= 6.05
Mar  7 18:29:50 Trilift kernel: [    0.490285] usb usb1: New USB device strings: Mfr=3, Product=2, SerialNumber=1
Mar  7 18:29:50 Trilift kernel: [    0.490288] usb usb1: Product: OHCI PCI host controller
Mar  7 18:29:50 Trilift kernel: [    0.490290] usb usb1: Manufacturer: Linux 6.5.0-21-generic ohci_hcd
Mar  7 18:29:50 Trilift systemd[1]: Started Run anacron jobs.
Mar  7 18:29:50 Trilift kernel: [    0.490292] usb usb1: SerialNumber: 0000:00:06.0
Mar  7 18:29:50 Trilift systemd[1]: Starting LSB: automatic crash report generation...
Mar  7 18:29:50 Trilift kernel: [    0.490485] hub 1-0:1.0: USB hub found
Mar  7 18:29:50 Trilift kernel: [    0.490499] hub 1-0:1.0: 12 ports detected
Mar  7 18:29:50 Trilift kernel: [    0.491255] ehci-pci 0000:00:0b.0: EHCI Host Controller
Mar  7 18:29:50 Trilift kernel: [    0.491296] ehci-pci 0000:00:0b.0: new USB bus registered, assigned bus number 2
Mar  7 18:29:50 Trilift kernel: [    0.491461] i8042: PNP: PS/2 Controller [PNP0303:PS2K,PNP0f03:PS2M] at 0x60,0x64 irq 1,12
Mar  7 18:29:50 Trilift kernel: [    0.491720] ehci-pci 0000:00:0b.0: irq 19, io mem 0xf0805000
Mar  7 18:29:50 Trilift systemd[1]: Starting Avahi mDNS/DNS-SD Stack...
Mar  7 18:29:50 Trilift kernel: [    0.491986] serio: i8042 KBD port at 0x60,0x64 irq 1
Mar  7 18:29:50 Trilift kernel: [    0.491993] serio: i8042 AUX port at 0x60,0x64 irq 12
Mar  7 18:29:50 Trilift kernel: [    0.492150] mousedev: PS/2 mouse device common for all mice
Mar  7 18:29:50 Trilift kernel: [    0.492552] input: AT Translated Set 2 keyboard as /devices/platform/i8042/serio0/input/input2
Mar  7 18:29:50 Trilift kernel: [    0.492881] rtc_cmos rtc_cmos: registered as rtc0
Mar  7 18:29:50 Trilift kernel: [    0.492910] rtc_cmos rtc_cmos: setting system clock to 2024-03-07T10:29:23 UTC (1709807363)
Mar  7 18:29:50 Trilift kernel: [    0.492991] rtc_cmos rtc_cmos: alarms up to one day, 114 bytes nvram
Mar  7 18:29:50 Trilift systemd[1]: Started Regular background program processing daemon.
Mar  7 18:29:50 Trilift kernel: [    0.493003] i2c_dev: i2c /dev entries driver
Mar  7 18:29:50 Trilift kernel: [    0.493034] device-mapper: core: CONFIG_IMA_DISABLE_HTABLE is disabled. Duplicate IMA measurements will not be recorded in the IMA log.
Mar  7 18:29:50 Trilift kernel: [    0.493062] device-mapper: uevent: version 1.0.3
Mar  7 18:29:50 Trilift kernel: [    0.493128] device-mapper: ioctl: 4.48.0-ioctl (2023-03-01) initialised: dm-devel@redhat.com
Mar  7 18:29:50 Trilift kernel: [    0.493155] platform eisa.0: Probing EISA bus 0
Mar  7 18:29:50 Trilift kernel: [    0.493158] platform eisa.0: EISA: Cannot allocate resource for mainboard
Mar  7 18:29:50 Trilift systemd[1]: Started D-Bus System Message Bus.
Mar  7 18:29:50 Trilift kernel: [    0.493160] platform eisa.0: Cannot allocate resource for EISA slot 1
Mar  7 18:29:50 Trilift kernel: [    0.493162] platform eisa.0: Cannot allocate resource for EISA slot 2
Mar  7 18:29:50 Trilift kernel: [    0.493164] platform eisa.0: Cannot allocate resource for EISA slot 3
Mar  7 18:29:50 Trilift kernel: [    0.493166] platform eisa.0: Cannot allocate resource for EISA slot 4
Mar  7 18:29:50 Trilift kernel: [    0.493168] platform eisa.0: Cannot allocate resource for EISA slot 5
Mar  7 18:29:50 Trilift kernel: [    0.493170] platform eisa.0: Cannot allocate resource for EISA slot 6
Mar  7 18:29:50 Trilift systemd[1]: Starting Network Manager...
Mar  7 18:29:50 Trilift kernel: [    0.493171] platform eisa.0: Cannot allocate resource for EISA slot 7
Mar  7 18:29:50 Trilift kernel: [    0.493173] platform eisa.0: Cannot allocate resource for EISA slot 8
Mar  7 18:29:50 Trilift systemd[1]: Started Save initial kernel messages after boot.
Mar  7 18:29:50 Trilift kernel: [    0.493175] platform eisa.0: EISA: Detected 0 cards
Mar  7 18:29:50 Trilift kernel: [    0.493177] amd_pstate: the _CPC object is not present in SBIOS or ACPI disabled
Mar  7 18:29:50 Trilift kernel: [    0.493271] ledtrig-cpu: registered to indicate activity on CPUs
Mar  7 18:29:50 Trilift kernel: [    0.493337] drop_monitor: Initializing network drop monitor service
Mar  7 18:29:50 Trilift kernel: [    0.508073] ehci-pci 0000:00:0b.0: USB 2.0 started, EHCI 1.00
Mar  7 18:29:50 Trilift systemd[1]: Starting Remove Stale Online ext4 Metadata Check Snapshots...
Mar  7 18:29:50 Trilift kernel: [    0.508164] usb usb2: New USB device found, idVendor=1d6b, idProduct=0002, bcdDevice= 6.05
Mar  7 18:29:50 Trilift kernel: [    0.508168] usb usb2: New USB device strings: Mfr=3, Product=2, SerialNumber=1
Mar  7 18:29:50 Trilift kernel: [    0.508170] usb usb2: Product: EHCI Host Controller
Mar  7 18:29:50 Trilift kernel: [    0.508173] usb usb2: Manufacturer: Linux 6.5.0-21-generic ehci_hcd
Mar  7 18:29:50 Trilift kernel: [    0.508175] usb usb2: SerialNumber: 0000:00:0b.0
Mar  7 18:29:50 Trilift systemd[1]: Condition check resulted in getty on tty2-tty6 if dbus and logind are not available being skipped.
Mar  7 18:29:50 Trilift kernel: [    0.508317] hub 2-0:1.0: USB hub found
Mar  7 18:29:50 Trilift systemd[1]: Reached target Login Prompts.
Mar  7 18:29:50 Trilift kernel: [    0.508325] hub 2-0:1.0: 12 ports detected
Mar  7 18:29:50 Trilift kernel: [    0.511867] NET: Registered PF_INET6 protocol family
Mar  7 18:29:50 Trilift kernel: [    0.583389] ata2.00: ATAPI: VBOX CD-ROM, 1.0, max UDMA/133
Mar  7 18:29:50 Trilift kernel: [    0.584102] scsi 1:0:0:0: CD-ROM            VBOX     CD-ROM           1.0  PQ: 0 ANSI: 5
Mar  7 18:29:50 Trilift kernel: [    0.673428] sr 1:0:0:0: [sr0] scsi3-mmc drive: 32x/32x xa/form2 tray
Mar  7 18:29:50 Trilift kernel: [    0.673435] cdrom: Uniform CD-ROM driver Revision: 3.20
Mar  7 18:29:50 Trilift kernel: [    0.776453] sr 1:0:0:0: Attached scsi CD-ROM sr0
Mar  7 18:29:50 Trilift systemd[1]: Starting Detect the available GPUs and deal with any system changes...
Mar  7 18:29:50 Trilift anacron[527]: Anacron 2.3 started on 2024-03-07
Mar  7 18:29:50 Trilift kernel: [    0.776526] sr 1:0:0:0: Attached scsi generic sg0 type 5
Mar  7 18:29:50 Trilift kernel: [    0.815501] Freeing initrd memory: 68560K
Mar  7 18:29:50 Trilift kernel: [    0.815715] usb 1-1: new full-speed USB device number 2 using ohci-pci
Mar  7 18:29:50 Trilift kernel: [    0.822891] Segment Routing with IPv6
Mar  7 18:29:50 Trilift kernel: [    0.822920] In-situ OAM (IOAM) with IPv6
Mar  7 18:29:50 Trilift kernel: [    0.822974] NET: Registered PF_PACKET protocol family
Mar  7 18:29:50 Trilift cron[530]: (CRON) INFO (pidfile fd = 3)
Mar  7 18:29:50 Trilift systemd[1]: Starting Record successful boot for GRUB...
Mar  7 18:29:50 Trilift kernel: [    0.823055] Key type dns_resolver registered
Mar  7 18:29:50 Trilift kernel: [    0.823425] IPI shorthand broadcast: enabled
Mar  7 18:29:50 Trilift kernel: [    0.826064] sched_clock: Marking stable (816179556, 7732582)->(850463168, -26551030)
Mar  7 18:29:50 Trilift kernel: [    0.826249] registered taskstats version 1
Mar  7 18:29:50 Trilift kernel: [    0.826500] Loading compiled-in X.509 certificates
Mar  7 18:29:50 Trilift kernel: [    0.827062] Loaded X.509 cert 'Build time autogenerated kernel key: 0e4222d53b6b1c96a14ffa0a91930b40488ca375'
Mar  7 18:29:50 Trilift systemd[1]: Started irqbalance daemon.
Mar  7 18:29:50 Trilift kernel: [    0.827486] Loaded X.509 cert 'Canonical Ltd. Live Patch Signing: 14df34d1a87cf37625abec039ef2bf521249b969'
Mar  7 18:29:50 Trilift systemd[1]: Starting Dispatcher daemon for systemd-networkd...
Mar  7 18:29:50 Trilift kernel: [    0.827932] Loaded X.509 cert 'Canonical Ltd. Kernel Module Signing: 88f752e560a1e0737e31163a466ad7b70a850c19'
Mar  7 18:29:50 Trilift kernel: [    0.827935] blacklist: Loading compiled-in revocation X.509 certificates
Mar  7 18:29:50 Trilift kernel: [    0.827959] Loaded X.509 cert 'Canonical Ltd. Secure Boot Signing: 61482aa2830d0ab2ad5af10b7250da9033ddcef0'
Mar  7 18:29:50 Trilift kernel: [    0.827983] Loaded X.509 cert 'Canonical Ltd. Secure Boot Signing (2017): 242ade75ac4a15e50d50c84b0d45ff3eae707a03'
Mar  7 18:29:50 Trilift kernel: [    0.828003] Loaded X.509 cert 'Canonical Ltd. Secure Boot Signing (ESM 2018): 365188c1d374d6b07c3c8f240f8ef722433d6a8b'
Mar  7 18:29:50 Trilift systemd[1]: Starting Authorization Manager...
Mar  7 18:29:50 Trilift kernel: [    0.828021] Loaded X.509 cert 'Canonical Ltd. Secure Boot Signing (2019): c0746fd6c5da3ae827864651ad66ae47fe24b3e8'
Mar  7 18:29:50 Trilift kernel: [    0.828085] Loaded X.509 cert 'Canonical Ltd. Secure Boot Signing (2021 v1): a8d54bbb3825cfb94fa13c9f8a594a195c107b8d'
Mar  7 18:29:50 Trilift kernel: [    0.828104] Loaded X.509 cert 'Canonical Ltd. Secure Boot Signing (2021 v2): 4cf046892d6fd3c9a5b03f98d845f90851dc6a8c'
Mar  7 18:29:50 Trilift kernel: [    0.828120] Loaded X.509 cert 'Canonical Ltd. Secure Boot Signing (2021 v3): 100437bb6de6e469b581e61cd66bce3ef4ed53af'
Mar  7 18:29:50 Trilift kernel: [    0.828140] Loaded X.509 cert 'Canonical Ltd. Secure Boot Signing (Ubuntu Core 2019): c1d57b8f6b743f23ee41f4f7ee292f06eecadfb9'
Mar  7 18:29:50 Trilift systemd[1]: Starting Power Profiles daemon...
Mar  7 18:29:50 Trilift kernel: [    0.831552] Key type .fscrypt registered
Mar  7 18:29:50 Trilift kernel: [    0.831554] Key type fscrypt-provisioning registered
Mar  7 18:29:50 Trilift kernel: [    0.835312] Key type encrypted registered
Mar  7 18:29:50 Trilift kernel: [    0.835320] AppArmor: AppArmor sha1 policy hashing enabled
Mar  7 18:29:50 Trilift kernel: [    0.835338] ima: No TPM chip found, activating TPM-bypass!
Mar  7 18:29:50 Trilift kernel: [    0.835345] Loading compiled-in module X.509 certificates
Mar  7 18:29:50 Trilift systemd[1]: Starting System Logging Service...
Mar  7 18:29:50 Trilift systemd[1]: Condition check resulted in Secure Boot updates for DB and DBX being skipped.
Mar  7 18:29:50 Trilift kernel: [    0.835844] Loaded X.509 cert 'Build time autogenerated kernel key: 0e4222d53b6b1c96a14ffa0a91930b40488ca375'
Mar  7 18:29:50 Trilift kernel: [    0.835848] ima: Allocated hash algorithm: sha1
Mar  7 18:29:50 Trilift kernel: [    0.835856] ima: No architecture policies found
Mar  7 18:29:50 Trilift kernel: [    0.835879] evm: Initialising EVM extended attributes:
Mar  7 18:29:50 Trilift kernel: [    0.835881] evm: security.selinux
Mar  7 18:29:50 Trilift kernel: [    0.835882] evm: security.SMACK64
Mar  7 18:29:50 Trilift acpid: starting up with netlink and the input layer
Mar  7 18:29:50 Trilift systemd[1]: Started Userspace listener for prompt events.
Mar  7 18:29:50 Trilift kernel: [    0.835883] evm: security.SMACK64EXEC
Mar  7 18:29:50 Trilift kernel: [    0.835885] evm: security.SMACK64TRANSMUTE
Mar  7 18:29:50 Trilift kernel: [    0.835886] evm: security.SMACK64MMAP
Mar  7 18:29:50 Trilift kernel: [    0.835887] evm: security.apparmor
Mar  7 18:29:50 Trilift kernel: [    0.835888] evm: security.ima
Mar  7 18:29:50 Trilift kernel: [    0.835889] evm: security.capability
Mar  7 18:29:50 Trilift kernel: [    0.835891] evm: HMAC attrs: 0x1
Mar  7 18:29:50 Trilift systemd[1]: Condition check resulted in Automatically repair incorrect owner/permissions on core devices being skipped.
Mar  7 18:29:50 Trilift kernel: [    0.836345] PM:   Magic number: 0:492:476
Mar  7 18:29:50 Trilift kernel: [    0.844366] RAS: Correctable Errors collector initialized.
Mar  7 18:29:50 Trilift kernel: [    0.844448] clk: Disabling unused clocks
Mar  7 18:29:50 Trilift kernel: [    0.846462] Freeing unused decrypted memory: 2036K
Mar  7 18:29:50 Trilift kernel: [    0.847501] Freeing unused kernel image (initmem) memory: 4792K
Mar  7 18:29:50 Trilift kernel: [    0.874505] Write protecting the kernel read-only data: 34816k
Mar  7 18:29:50 Trilift systemd[1]: Condition check resulted in Wait for the Ubuntu Core chooser trigger being skipped.
Mar  7 18:29:50 Trilift systemd[1]: Reached target Preparation for Logins.
Mar  7 18:29:50 Trilift kernel: [    0.875101] Freeing unused kernel image (rodata/data gap) memory: 1156K
Mar  7 18:29:50 Trilift kernel: [    0.937550] x86/mm: Checked W+X mappings: passed, no W+X pages found.
Mar  7 18:29:50 Trilift kernel: [    0.937560] Run /init as init process
Mar  7 18:29:50 Trilift kernel: [    0.937562]   with arguments:
Mar  7 18:29:50 Trilift kernel: [    0.937563]     /init
Mar  7 18:29:50 Trilift kernel: [    0.937565]     splash
Mar  7 18:29:50 Trilift kernel: [    0.937566]   with environment:
Mar  7 18:29:50 Trilift systemd[1]: Starting Snap Daemon...
Mar  7 18:29:50 Trilift systemd[1]: Starting Switcheroo Control Proxy service...
Mar  7 18:29:50 Trilift systemd[1]: Starting User Login Management...
Mar  7 18:29:50 Trilift systemd[1]: Condition check resulted in Thermal Daemon Service being skipped.
Mar  7 18:29:50 Trilift systemd[1]: Condition check resulted in Ubuntu Pro reboot cmds being skipped.
Mar  7 18:29:50 Trilift systemd[1]: Starting Disk Manager...
Mar  7 18:29:50 Trilift systemd[1]: Starting WPA supplicant...
Mar  7 18:29:50 Trilift anacron[527]: Will run job `cron.daily' in 5 min.
Mar  7 18:29:50 Trilift anacron[527]: Will run job `cron.weekly' in 10 min.
Mar  7 18:29:50 Trilift anacron[527]: Will run job `cron.monthly' in 15 min.
Mar  7 18:29:50 Trilift anacron[527]: Jobs will be executed sequentially
Mar  7 18:29:50 Trilift cron[530]: (CRON) INFO (Running @reboot jobs)
Mar  7 18:29:50 Trilift acpid: 8 rules loaded
Mar  7 18:29:50 Trilift acpid: waiting for events: event logging is off
Mar  7 18:29:50 Trilift avahi-daemon[529]: Found user 'avahi' (UID 114) and group 'avahi' (GID 121).
Mar  7 18:29:50 Trilift avahi-daemon[529]: Successfully dropped root privileges.
Mar  7 18:29:50 Trilift kernel: [    0.937568]     HOME=/
Mar  7 18:29:50 Trilift kernel: [    0.937569]     TERM=linux
Mar  7 18:29:50 Trilift kernel: [    0.937570]     BOOT_IMAGE=/boot/vmlinuz-6.5.0-21-generic
Mar  7 18:29:50 Trilift kernel: [    1.022920] ACPI: video: Video Device [GFX0] (multi-head: yes  rom: no  post: no)
Mar  7 18:29:50 Trilift kernel: [    1.024275] input: Video Bus as /devices/LNXSYSTM:00/LNXSYBUS:00/PNP0A03:00/LNXVIDEO:00/input/input4
Mar  7 18:29:50 Trilift kernel: [    1.031398] e1000: Intel(R) PRO/1000 Network Driver
Mar  7 18:29:50 Trilift avahi-daemon[529]: avahi-daemon 0.8 starting up.
Mar  7 18:29:50 Trilift kernel: [    1.031402] e1000: Copyright (c) 1999-2006 Intel Corporation.
Mar  7 18:29:50 Trilift kernel: [    1.036893] piix4_smbus 0000:00:07.0: SMBus Host Controller at 0x4100, revision 0
Mar  7 18:29:50 Trilift kernel: [    1.037759] ahci 0000:00:0d.0: version 3.0
Mar  7 18:29:50 Trilift kernel: [    1.042024] ahci 0000:00:0d.0: SSS flag set, parallel bus scan disabled
Mar  7 18:29:50 Trilift kernel: [    1.042137] ahci 0000:00:0d.0: AHCI 0001.0100 32 slots 1 ports 3 Gbps 0x1 impl SATA mode
Mar  7 18:29:50 Trilift kernel: [    1.042141] ahci 0000:00:0d.0: flags: 64bit ncq stag only ccc 
Mar  7 18:29:50 Trilift systemd[1]: grub-common.service: Deactivated successfully.
Mar  7 18:29:50 Trilift systemd[1]: Finished Record successful boot for GRUB.
Mar  7 18:29:50 Trilift kernel: [    1.051764] scsi host2: ahci
Mar  7 18:29:50 Trilift kernel: [    1.056303] ata3: SATA max UDMA/133 abar m8192@0xf0806000 port 0xf0806100 irq 21
Mar  7 18:29:50 Trilift kernel: [    1.141410] usb 1-1: New USB device found, idVendor=80ee, idProduct=0021, bcdDevice= 1.00
Mar  7 18:29:50 Trilift kernel: [    1.141417] usb 1-1: New USB device strings: Mfr=1, Product=3, SerialNumber=0
Mar  7 18:29:50 Trilift kernel: [    1.141420] usb 1-1: Product: USB Tablet
Mar  7 18:29:50 Trilift kernel: [    1.141422] usb 1-1: Manufacturer: VirtualBox
Mar  7 18:29:50 Trilift kernel: [    1.150199] hid: raw HID events driver (C) Jiri Kosina
Mar  7 18:29:50 Trilift systemd[1]: Starting GRUB failed boot detection...
Mar  7 18:29:50 Trilift kernel: [    1.244787] input: ImExPS/2 Generic Explorer Mouse as /devices/platform/i8042/serio1/input/input5
Mar  7 18:29:50 Trilift kernel: [    1.373592] ata3: SATA link up 3.0 Gbps (SStatus 123 SControl 300)
Mar  7 18:29:50 Trilift kernel: [    1.373698] ata3.00: ATA-6: VBOX HARDDISK, 1.0, max UDMA/133
Mar  7 18:29:50 Trilift kernel: [    1.373705] ata3.00: 52428800 sectors, multi 128: LBA48 NCQ (depth 32)
Mar  7 18:29:50 Trilift udisksd[547]: udisks daemon version 2.9.4 starting
Mar  7 18:29:50 Trilift kernel: [    1.373819] ata3.00: configured for UDMA/133
Mar  7 18:29:50 Trilift kernel: [    1.374055] scsi 2:0:0:0: Direct-Access     ATA      VBOX HARDDISK    1.0  PQ: 0 ANSI: 5
Mar  7 18:29:50 Trilift systemd[1]: grub-initrd-fallback.service: Deactivated successfully.
Mar  7 18:29:50 Trilift kernel: [    1.374636] sd 2:0:0:0: [sda] 52428800 512-byte logical blocks: (26.8 GB/25.0 GiB)
Mar  7 18:29:50 Trilift systemd[1]: Finished GRUB failed boot detection.
Mar  7 18:29:50 Trilift kernel: [    1.374660] sd 2:0:0:0: Attached scsi generic sg1 type 0
Mar  7 18:29:50 Trilift kernel: [    1.374662] sd 2:0:0:0: [sda] Write Protect is off
Mar  7 18:29:50 Trilift kernel: [    1.374667] sd 2:0:0:0: [sda] Mode Sense: 00 3a 00 00
Mar  7 18:29:50 Trilift kernel: [    1.374687] sd 2:0:0:0: [sda] Write cache: enabled, read cache: enabled, doesn't support DPO or FUA
Mar  7 18:29:50 Trilift kernel: [    1.374727] sd 2:0:0:0: [sda] Preferred minimum I/O size 512 bytes
Mar  7 18:29:50 Trilift dbus-daemon[531]: dbus[531]: Unknown group "power" in message bus configuration file
Mar  7 18:29:50 Trilift snapd-aa-prompt-listener[543]: AA Prompt listener not implemented
Mar  7 18:29:50 Trilift kernel: [    1.393012] e1000 0000:00:03.0 eth0: (PCI:33MHz:32-bit) 08:00:27:4e:7d:52
Mar  7 18:29:50 Trilift kernel: [    1.393022] e1000 0000:00:03.0 eth0: Intel(R) PRO/1000 Network Connection
Mar  7 18:29:50 Trilift kernel: [    1.400306]  sda: sda1 sda2 sda3
Mar  7 18:29:50 Trilift kernel: [    1.400630] sd 2:0:0:0: [sda] Attached SCSI disk
Mar  7 18:29:50 Trilift kernel: [    1.402037] e1000 0000:00:03.0 enp0s3: renamed from eth0
Mar  7 18:29:50 Trilift kernel: [    1.425252] usbcore: registered new interface driver usbhid
Mar  7 18:29:50 Trilift kernel: [    1.425257] usbhid: USB HID core driver
Mar  7 18:29:50 Trilift systemd[1]: snapd.aa-prompt-listener.service: Deactivated successfully.
Mar  7 18:29:50 Trilift rsyslogd: imuxsock: Acquired UNIX socket '/run/systemd/journal/syslog' (fd 3) from systemd.  [v8.2112.0]
Mar  7 18:29:50 Trilift kernel: [    1.427468] input: VirtualBox USB Tablet as /devices/pci0000:00/0000:00:06.0/usb1/1-1/1-1:1.0/0003:80EE:0021.0001/input/input6
Mar  7 18:29:50 Trilift kernel: [    1.427718] hid-generic 0003:80EE:0021.0001: input,hidraw0: USB HID v1.10 Mouse [VirtualBox USB Tablet] on usb-0000:00:06.0-1/input0
Mar  7 18:29:50 Trilift rsyslogd: rsyslogd's groupid changed to 111
Mar  7 18:29:50 Trilift kernel: [    2.193033] EXT4-fs (sda3): mounted filesystem 625d2783-5e73-4b7c-8385-e9f345f9b507 ro with ordered data mode. Quota mode: none.
Mar  7 18:29:50 Trilift kernel: [    3.738001] systemd[1]: Inserted module 'autofs4'
Mar  7 18:29:50 Trilift kernel: [    4.000918] systemd[1]: systemd 249.11-0ubuntu3.12 running in system mode (+PAM +AUDIT +SELINUX +APPARMOR +IMA +SMACK +SECCOMP +GCRYPT +GNUTLS +OPENSSL +ACL +BLKID +CURL +ELFUTILS +FIDO2 +IDN2 -IDN +IPTC +KMOD +LIBCRYPTSETUP +LIBFDISK +PCRE2 -PWQUALITY -P11KIT -QRENCODE +BZIP2 +LZ4 +XZ +ZLIB +ZSTD -XKBCOMMON +UTMP +SYSVINIT default-hierarchy=unified)
Mar  7 18:29:50 Trilift rsyslogd: rsyslogd's userid changed to 104
Mar  7 18:29:50 Trilift rsyslogd: [origin software="rsyslogd" swVersion="8.2112.0" x-pid="542" x-info="https://www.rsyslog.com"] start
Mar  7 18:29:50 Trilift kernel: [    4.000946] systemd[1]: Detected virtualization oracle.
Mar  7 18:29:50 Trilift kernel: [    4.000951] systemd[1]: Detected architecture x86-64.
Mar  7 18:29:50 Trilift kernel: [    4.025160] systemd[1]: Hostname set to <Trilift>.
Mar  7 18:29:50 Trilift kernel: [    4.455961] random: crng init done
Mar  7 18:29:50 Trilift kernel: [    4.456032] systemd[1]: Initializing machine ID from random generator.
Mar  7 18:29:50 Trilift kernel: [    4.456126] systemd[1]: Installed transient /etc/machine-id file.
Mar  7 18:29:50 Trilift systemd[1]: Started System Logging Service.
Mar  7 18:29:50 Trilift kernel: [    4.542806] systemd[1]: memfd_create() called without MFD_EXEC or MFD_NOEXEC_SEAL set
Mar  7 18:29:50 Trilift kernel: [    6.108990] block sda: the capability attribute has been deprecated.
Mar  7 18:29:50 Trilift kernel: [    7.003396] systemd[1]: Queued start job for default target Graphical Interface.
Mar  7 18:29:50 Trilift kernel: [    7.020395] systemd[1]: Created slice Slice /system/modprobe.
Mar  7 18:29:50 Trilift kernel: [    7.020792] systemd[1]: Created slice Slice /system/systemd-fsck.
Mar  7 18:29:50 Trilift kernel: [    7.021029] systemd[1]: Created slice User and Session Slice.
Mar  7 18:29:50 Trilift kernel: [    7.021101] systemd[1]: Started Forward Password Requests to Wall Directory Watch.
Mar  7 18:29:50 Trilift kernel: [    7.021300] systemd[1]: Set up automount Arbitrary Executable File Formats File System Automount Point.
Mar  7 18:29:50 Trilift kernel: [    7.021354] systemd[1]: Reached target User and Group Name Lookups.
Mar  7 18:29:50 Trilift kernel: [    7.021365] systemd[1]: Reached target Remote File Systems.
Mar  7 18:29:50 Trilift kernel: [    7.021373] systemd[1]: Reached target Slice Units.
Mar  7 18:29:50 Trilift kernel: [    7.021384] systemd[1]: Reached target Mounting snaps.
Mar  7 18:29:50 Trilift kernel: [    7.021404] systemd[1]: Reached target Local Verity Protected Volumes.
Mar  7 18:29:50 Trilift kernel: [    7.045952] systemd[1]: Listening on Syslog Socket.
Mar  7 18:29:50 Trilift kernel: [    7.046076] systemd[1]: Listening on fsck to fsckd communication Socket.
Mar  7 18:29:50 Trilift kernel: [    7.046159] systemd[1]: Listening on initctl Compatibility Named Pipe.
Mar  7 18:29:50 Trilift kernel: [    7.046351] systemd[1]: Listening on Journal Audit Socket.
Mar  7 18:29:50 Trilift kernel: [    7.046441] systemd[1]: Listening on Journal Socket (/dev/log).
Mar  7 18:29:50 Trilift kernel: [    7.046551] systemd[1]: Listening on Journal Socket.
Mar  7 18:29:50 Trilift kernel: [    7.046715] systemd[1]: Listening on udev Control Socket.
Mar  7 18:29:50 Trilift kernel: [    7.046810] systemd[1]: Listening on udev Kernel Socket.
Mar  7 18:29:50 Trilift kernel: [    7.047866] systemd[1]: Mounting Huge Pages File System...
Mar  7 18:29:50 Trilift kernel: [    7.048899] systemd[1]: Mounting POSIX Message Queue File System...
Mar  7 18:29:50 Trilift kernel: [    7.049970] systemd[1]: Mounting Kernel Debug File System...
Mar  7 18:29:50 Trilift kernel: [    7.050980] systemd[1]: Mounting Kernel Trace File System...
Mar  7 18:29:50 Trilift kernel: [    7.053123] systemd[1]: Starting Journal Service...
Mar  7 18:29:50 Trilift kernel: [    7.070943] systemd[1]: Starting Set the console keyboard layout...
Mar  7 18:29:50 Trilift kernel: [    7.072332] systemd[1]: Starting Create List of Static Device Nodes...
Mar  7 18:29:50 Trilift kernel: [    7.073370] systemd[1]: Starting Load Kernel Module configfs...
Mar  7 18:29:50 Trilift kernel: [    7.074372] systemd[1]: Starting Load Kernel Module drm...
Mar  7 18:29:50 Trilift kernel: [    7.075416] systemd[1]: Starting Load Kernel Module efi_pstore...
Mar  7 18:29:50 Trilift kernel: [    7.076591] systemd[1]: Starting Load Kernel Module fuse...
Mar  7 18:29:50 Trilift kernel: [    7.076766] systemd[1]: Condition check resulted in File System Check on Root Device being skipped.
Mar  7 18:29:50 Trilift kernel: [    7.093754] systemd[1]: Starting Load Kernel Modules...
Mar  7 18:29:50 Trilift kernel: [    7.094789] systemd[1]: Starting Remount Root and Kernel File Systems...
Mar  7 18:29:50 Trilift kernel: [    7.095817] systemd[1]: Starting Coldplug All udev Devices...
Mar  7 18:29:50 Trilift kernel: [    7.102579] systemd[1]: Finished Create List of Static Device Nodes.
Mar  7 18:29:50 Trilift kernel: [    7.157230] systemd[1]: modprobe@configfs.service: Deactivated successfully.
Mar  7 18:29:50 Trilift kernel: [    7.159387] systemd[1]: Finished Load Kernel Module configfs.
Mar  7 18:29:50 Trilift kernel: [    7.160644] systemd[1]: Mounted Huge Pages File System.
Mar  7 18:29:50 Trilift kernel: [    7.160756] systemd[1]: Mounted POSIX Message Queue File System.
Mar  7 18:29:50 Trilift kernel: [    7.160851] systemd[1]: Mounted Kernel Debug File System.
Mar  7 18:29:50 Trilift kernel: [    7.160938] systemd[1]: Mounted Kernel Trace File System.
Mar  7 18:29:50 Trilift kernel: [    7.161167] systemd[1]: modprobe@fuse.service: Deactivated successfully.
Mar  7 18:29:50 Trilift kernel: [    7.161528] systemd[1]: Finished Load Kernel Module fuse.
Mar  7 18:29:50 Trilift kernel: [    7.180511] systemd[1]: Mounting FUSE Control File System...
Mar  7 18:29:50 Trilift kernel: [    7.181572] systemd[1]: Mounting Kernel Configuration File System...
Mar  7 18:29:50 Trilift kernel: [    7.182736] systemd[1]: Mounted FUSE Control File System.
Mar  7 18:29:50 Trilift kernel: [    7.182792] systemd[1]: Condition check resulted in VMware vmblock fuse mount being skipped.
Mar  7 18:29:50 Trilift kernel: [    7.183605] systemd[1]: Mounted Kernel Configuration File System.
Mar  7 18:29:50 Trilift kernel: [    7.208968] systemd[1]: Started Journal Service.
Mar  7 18:29:50 Trilift kernel: [    7.254839] EXT4-fs (sda3): re-mounted 625d2783-5e73-4b7c-8385-e9f345f9b507 r/w. Quota mode: none.
Mar  7 18:29:50 Trilift kernel: [    7.301980] systemd-journald[201]: Received client request to flush runtime journal.
Mar  7 18:29:50 Trilift kernel: [    7.947935] ACPI: bus type drm_connector registered
Mar  7 18:29:50 Trilift kernel: [    8.204751] Adding 2744316k swap on /swapfile.  Priority:-2 extents:6 across:2908156k FS
Mar  7 18:29:50 Trilift kernel: [    8.577661] lp: driver loaded but no devices found
Mar  7 18:29:50 Trilift kernel: [    8.601858] ppdev: user-space parallel port driver
Mar  7 18:29:50 Trilift kernel: [    8.994403] loop0: detected capacity change from 0 to 8
Mar  7 18:29:50 Trilift kernel: [    8.994635] loop1: detected capacity change from 0 to 1017816
Mar  7 18:29:50 Trilift kernel: [    8.994681] loop2: detected capacity change from 0 to 546064
Mar  7 18:29:50 Trilift kernel: [    8.995083] loop3: detected capacity change from 0 to 187776
Mar  7 18:29:50 Trilift kernel: [    8.995534] loop4: detected capacity change from 0 to 151992
Mar  7 18:29:50 Trilift kernel: [    8.998483] vmwgfx 0000:00:02.0: vgaarb: deactivate vga console
Mar  7 18:29:50 Trilift kernel: [    8.998633] loop5: detected capacity change from 0 to 25240
Mar  7 18:29:50 Trilift kernel: [    8.999548] Console: switching to colour dummy device 80x25
Mar  7 18:29:50 Trilift kernel: [    9.000682] vmwgfx 0000:00:02.0: [drm] FIFO at 0x00000000f0000000 size is 2048 kiB
Mar  7 18:29:50 Trilift kernel: [    9.000696] vmwgfx 0000:00:02.0: [drm] VRAM at 0x00000000e0000000 size is 16384 kiB
Mar  7 18:29:50 Trilift kernel: [    9.000704] vmwgfx 0000:00:02.0: [drm] Running on SVGA version 2.
Mar  7 18:29:50 Trilift kernel: [    9.000710] vmwgfx 0000:00:02.0: [drm] Capabilities: rect copy, cursor, cursor bypass, cursor bypass 2, alpha cursor, extended fifo, pitchlock, irq mask, gmr, traces, gmr2, screen object 2, command buffers, 
Mar  7 18:29:50 Trilift kernel: [    9.000713] vmwgfx 0000:00:02.0: [drm] *ERROR* vmwgfx seems to be running on an unsupported hypervisor.
Mar  7 18:29:50 Trilift kernel: [    9.000721] vmwgfx 0000:00:02.0: [drm] *ERROR* This configuration is likely broken.
Mar  7 18:29:50 Trilift kernel: [    9.000727] vmwgfx 0000:00:02.0: [drm] *ERROR* Please switch to a supported graphics device to avoid problems.
Mar  7 18:29:50 Trilift kernel: [    9.000735] vmwgfx 0000:00:02.0: [drm] DMA map mode: Caching DMA mappings.
Mar  7 18:29:50 Trilift kernel: [    9.000763] vmwgfx 0000:00:02.0: [drm] Legacy memory limits: VRAM = 16384 kB, FIFO = 2048 kB, surface = 507904 kB
Mar  7 18:29:50 Trilift kernel: [    9.000766] vmwgfx 0000:00:02.0: [drm] MOB limits: max mob size = 0 kB, max mob pages = 0
Mar  7 18:29:50 Trilift kernel: [    9.000769] vmwgfx 0000:00:02.0: [drm] Max GMR ids is 8192
Mar  7 18:29:50 Trilift kernel: [    9.000770] vmwgfx 0000:00:02.0: [drm] Max number of GMR pages is 1048576
Mar  7 18:29:50 Trilift kernel: [    9.000772] vmwgfx 0000:00:02.0: [drm] Maximum display memory size is 16384 kiB
Mar  7 18:29:50 Trilift kernel: [    9.001178] vmwgfx 0000:00:02.0: [drm] Screen Object display unit initialized
Mar  7 18:29:50 Trilift kernel: [    9.001391] vmwgfx 0000:00:02.0: [drm] Fifo max 0x00200000 min 0x00001000 cap 0x00000355
Mar  7 18:29:50 Trilift kernel: [    9.001521] vmwgfx 0000:00:02.0: [drm] Using command buffers with DMA pool.
Mar  7 18:29:50 Trilift kernel: [    9.001532] vmwgfx 0000:00:02.0: [drm] Available shader model: Legacy.
Mar  7 18:29:50 Trilift kernel: [    9.002037] [drm] Initialized vmwgfx 2.20.0 20211206 for 0000:00:02.0 on minor 0
Mar  7 18:29:50 Trilift kernel: [    9.002572] fbcon: vmwgfxdrmfb (fb0) is primary device
Mar  7 18:29:50 Trilift kernel: [    9.002711] Console: switching to colour frame buffer device 160x50
Mar  7 18:29:50 Trilift kernel: [    9.003487] vmwgfx 0000:00:02.0: [drm] fb0: vmwgfxdrmfb frame buffer device
Mar  7 18:29:50 Trilift kernel: [    9.018042] loop6: detected capacity change from 0 to 82800
Mar  7 18:29:50 Trilift kernel: [    9.024330] loop7: detected capacity change from 0 to 904
Mar  7 18:29:50 Trilift kernel: [   10.205215] cryptd: max_cpu_qlen set to 1000
Mar  7 18:29:50 Trilift kernel: [   10.785804] vboxguest: host-version: 7.0.6r155176 0x8000000f
Mar  7 18:29:50 Trilift kernel: [   10.786293] vbg_heartbeat_init: Setting up heartbeat to trigger every 2000 milliseconds
Mar  7 18:29:50 Trilift kernel: [   10.786405] input: VirtualBox mouse integration as /devices/pci0000:00/0000:00:04.0/input/input7
Mar  7 18:29:50 Trilift kernel: [   11.110679] AVX2 version of gcm_enc/dec engaged.
Mar  7 18:29:50 Trilift kernel: [   11.110791] AES CTR mode by8 optimization enabled
Mar  7 18:29:50 Trilift kernel: [   13.846249] intel_rapl_common: Found RAPL domain package
Mar  7 18:29:50 Trilift kernel: [   13.846256] intel_rapl_common: Found RAPL domain core
Mar  7 18:29:50 Trilift kernel: [   14.857493] snd_intel8x0 0000:00:05.0: allow list rate for 1028:0177 is 48000
Mar  7 18:29:50 Trilift kernel: [   17.111240] audit: type=1400 audit(1709807380.112:2): apparmor="STATUS" operation="profile_load" profile="unconfined" name="lsb_release" pid=479 comm="apparmor_parser"
Mar  7 18:29:50 Trilift kernel: [   17.129232] audit: type=1400 audit(1709807380.132:3): apparmor="STATUS" operation="profile_load" profile="unconfined" name="nvidia_modprobe" pid=480 comm="apparmor_parser"
Mar  7 18:29:50 Trilift kernel: [   17.129704] audit: type=1400 audit(1709807380.132:4): apparmor="STATUS" operation="profile_load" profile="unconfined" name="nvidia_modprobe//kmod" pid=480 comm="apparmor_parser"
Mar  7 18:29:50 Trilift kernel: [   17.248710] audit: type=1400 audit(1709807380.252:5): apparmor="STATUS" operation="profile_load" profile="unconfined" name="/usr/lib/NetworkManager/nm-dhcp-client.action" pid=481 comm="apparmor_parser"
Mar  7 18:29:50 Trilift kernel: [   17.249456] audit: type=1400 audit(1709807380.252:6): apparmor="STATUS" operation="profile_load" profile="unconfined" name="/usr/lib/NetworkManager/nm-dhcp-helper" pid=481 comm="apparmor_parser"
Mar  7 18:29:50 Trilift kernel: [   17.250191] audit: type=1400 audit(1709807380.252:7): apparmor="STATUS" operation="profile_load" profile="unconfined" name="/usr/lib/connman/scripts/dhclient-script" pid=481 comm="apparmor_parser"
Mar  7 18:29:50 Trilift kernel: [   17.251461] audit: type=1400 audit(1709807380.252:8): apparmor="STATUS" operation="profile_load" profile="unconfined" name="/{,usr/}sbin/dhclient" pid=481 comm="apparmor_parser"
Mar  7 18:29:50 Trilift kernel: [   17.269266] audit: type=1400 audit(1709807380.272:9): apparmor="STATUS" operation="profile_load" profile="unconfined" name="/usr/bin/man" pid=484 comm="apparmor_parser"
Mar  7 18:29:50 Trilift kernel: [   17.269824] audit: type=1400 audit(1709807380.272:10): apparmor="STATUS" operation="profile_load" profile="unconfined" name="man_filter" pid=484 comm="apparmor_parser"
Mar  7 18:29:50 Trilift kernel: [   17.270537] audit: type=1400 audit(1709807380.272:11): apparmor="STATUS" operation="profile_load" profile="unconfined" name="man_groff" pid=484 comm="apparmor_parser"
Mar  7 18:29:50 Trilift kernel: [   22.223623] kauditd_printk_skb: 18 callbacks suppressed
Mar  7 18:29:50 Trilift kernel: [   22.223628] audit: type=1400 audit(1709807385.224:30): apparmor="STATUS" operation="profile_load" profile="unconfined" name="/snap/snapd/20671/usr/lib/snapd/snap-confine" pid=508 comm="apparmor_parser"
Mar  7 18:29:50 Trilift kernel: [   22.224573] audit: type=1400 audit(1709807385.228:31): apparmor="STATUS" operation="profile_load" profile="unconfined" name="/snap/snapd/20671/usr/lib/snapd/snap-confine//mount-namespace-capture-helper" pid=508 comm="apparmor_parser"
Mar  7 18:29:50 Trilift kernel: [   22.597763] audit: type=1400 audit(1709807385.600:32): apparmor="STATUS" operation="profile_load" profile="unconfined" name="snap-update-ns.firefox" pid=509 comm="apparmor_parser"
Mar  7 18:29:50 Trilift kernel: [   22.702498] audit: type=1400 audit(1709807385.704:33): apparmor="STATUS" operation="profile_load" profile="unconfined" name="snap-update-ns.snap-store" pid=510 comm="apparmor_parser"
Mar  7 18:29:50 Trilift kernel: [   22.734897] audit: type=1400 audit(1709807385.736:34): apparmor="STATUS" operation="profile_load" profile="unconfined" name="snap.firefox.firefox" pid=512 comm="apparmor_parser"
Mar  7 18:29:50 Trilift kernel: [   22.825317] audit: type=1400 audit(1709807385.828:35): apparmor="STATUS" operation="profile_load" profile="unconfined" name="snap.firefox.geckodriver" pid=513 comm="apparmor_parser"
Mar  7 18:29:50 Trilift kernel: [   22.837371] audit: type=1400 audit(1709807385.840:36): apparmor="STATUS" operation="profile_load" profile="unconfined" name="snap-update-ns.snapd-desktop-integration" pid=511 comm="apparmor_parser"
Mar  7 18:29:50 Trilift kernel: [   22.843660] audit: type=1400 audit(1709807385.844:37): apparmor="STATUS" operation="profile_load" profile="unconfined" name="snap.firefox.hook.configure" pid=514 comm="apparmor_parser"
Mar  7 18:29:50 Trilift kernel: [   22.922594] audit: type=1400 audit(1709807385.924:38): apparmor="STATUS" operation="profile_load" profile="unconfined" name="snap.firefox.hook.connect-plug-host-hunspell" pid=515 comm="apparmor_parser"
Mar  7 18:29:50 Trilift kernel: [   22.950518] audit: type=1400 audit(1709807385.952:39): apparmor="STATUS" operation="profile_load" profile="unconfined" name="snap.firefox.hook.post-refresh" pid=517 comm="apparmor_parser"
Mar  7 18:29:50 Trilift apport[528]:  * Starting automatic crash report generation: apport
Mar  7 18:29:51 Trilift apport[528]:    ...done.
Mar  7 18:29:51 Trilift systemd[1]: Started LSB: automatic crash report generation.
Mar  7 18:29:51 Trilift dbus-daemon[531]: [system] AppArmor D-Bus mediation is enabled
Mar  7 18:29:51 Trilift systemd[1]: Started User Login Management.
Mar  7 18:29:51 Trilift dbus-daemon[531]: [system] Successfully activated service 'org.freedesktop.systemd1'
Mar  7 18:29:51 Trilift systemd[1]: Started Avahi mDNS/DNS-SD Stack.
Mar  7 18:29:51 Trilift avahi-daemon[529]: Successfully called chroot().
Mar  7 18:29:51 Trilift avahi-daemon[529]: Successfully dropped remaining capabilities.
Mar  7 18:29:51 Trilift systemd[1]: Started WPA supplicant.
Mar  7 18:29:51 Trilift dbus-daemon[531]: [system] Activating via systemd: service name='org.freedesktop.PolicyKit1' unit='polkit.service' requested by ':1.9' (uid=0 pid=541 comm="/usr/libexec/power-profiles-daemon " label="unconfined")
Mar  7 18:29:51 Trilift systemd[1]: Started Switcheroo Control Proxy service.
Mar  7 18:29:51 Trilift systemd[1]: Condition check resulted in Manage Sound Card State (restore and store) being skipped.
Mar  7 18:29:51 Trilift systemd[1]: Starting Save/Restore Sound Card State...
Mar  7 18:29:51 Trilift alsactl[628]: /usr/sbin/alsactl: load_state:1689: Cannot open /var/lib/alsa/asound.state for reading: No such file or directory
Mar  7 18:29:51 Trilift alsactl[628]: alsa-lib main.c:1412:(snd_use_case_mgr_open) error: failed to import hw:0 use case configuration -2
Mar  7 18:29:51 Trilift alsactl[628]: Found hardware: "ICH" "Analog Devices AD1980" "AC97a:41445370" "0x1028" "0x0177"
Mar  7 18:29:51 Trilift alsactl[628]: Hardware is initialized using a generic method
Mar  7 18:29:51 Trilift systemd[1]: Finished Save/Restore Sound Card State.
Mar  7 18:29:51 Trilift systemd[1]: Reached target Sound Card.
Mar  7 18:29:51 Trilift avahi-daemon[529]: No service file found in /etc/avahi/services.
Mar  7 18:29:51 Trilift wpa_supplicant[548]: Successfully initialized wpa_supplicant
Mar  7 18:29:51 Trilift avahi-daemon[529]: Joining mDNS multicast group on interface lo.IPv6 with address ::1.
Mar  7 18:29:51 Trilift avahi-daemon[529]: New relevant interface lo.IPv6 for mDNS.
Mar  7 18:29:51 Trilift avahi-daemon[529]: Joining mDNS multicast group on interface lo.IPv4 with address 127.0.0.1.
Mar  7 18:29:51 Trilift avahi-daemon[529]: New relevant interface lo.IPv4 for mDNS.
Mar  7 18:29:51 Trilift avahi-daemon[529]: Network interface enumeration completed.
Mar  7 18:29:51 Trilift avahi-daemon[529]: Registering new address record for ::1 on lo.*.
Mar  7 18:29:51 Trilift avahi-daemon[529]: Registering new address record for 127.0.0.1 on lo.IPv4.
Mar  7 18:29:52 Trilift systemd[1]: dmesg.service: Deactivated successfully.
Mar  7 18:29:52 Trilift systemd[1]: gpu-manager.service: Deactivated successfully.
Mar  7 18:29:52 Trilift systemd[1]: Finished Detect the available GPUs and deal with any system changes.
Mar  7 18:29:52 Trilift avahi-daemon[529]: Server startup complete. Host name is Trilift.local. Local service cookie is 1257465105.
Mar  7 18:29:52 Trilift polkitd[540]: started daemon version 0.105 using authority implementation `local' version `0.105'
Mar  7 18:29:52 Trilift dbus-daemon[531]: [system] Successfully activated service 'org.freedesktop.PolicyKit1'
Mar  7 18:29:52 Trilift systemd[1]: Started Authorization Manager.
Mar  7 18:29:53 Trilift systemd[1]: Starting Modem Manager...
Mar  7 18:29:53 Trilift systemd[1]: Started Power Profiles daemon.
Mar  7 18:29:53 Trilift NetworkManager[532]: <info>  [1709807393.8937] NetworkManager (version 1.36.6) is starting... (for the first time)
Mar  7 18:29:53 Trilift NetworkManager[532]: <info>  [1709807393.8939] Read config: /etc/NetworkManager/NetworkManager.conf (lib: 10-dns-resolved.conf, 20-connectivity-ubuntu.conf, no-mac-addr-change.conf) (run: 10-globally-managed-devices.conf) (etc: default-wifi-powersave-on.conf)
Mar  7 18:29:53 Trilift NetworkManager[532]: <info>  [1709807393.9872] bus-manager: acquired D-Bus service "org.freedesktop.NetworkManager"
Mar  7 18:29:53 Trilift systemd[1]: Started Network Manager.
Mar  7 18:29:53 Trilift systemd[1]: Reached target Network.
Mar  7 18:29:54 Trilift systemd[1]: Starting Network Manager Wait Online...
Mar  7 18:29:54 Trilift systemd[1]: Starting CUPS Scheduler...
Mar  7 18:29:54 Trilift systemd[1]: Starting OpenVPN service...
Mar  7 18:29:54 Trilift systemd[1]: Starting Permit User Sessions...
Mar  7 18:29:54 Trilift systemd[1]: Started Unattended Upgrades Shutdown.
Mar  7 18:29:54 Trilift udisksd[547]: failed to load module mdraid: libbd_mdraid.so.2: cannot open shared object file: No such file or directory
Mar  7 18:29:54 Trilift systemd[1]: Finished OpenVPN service.
Mar  7 18:29:54 Trilift systemd[1]: Finished Permit User Sessions.
Mar  7 18:29:54 Trilift systemd[1]: Starting GNOME Display Manager...
Mar  7 18:29:54 Trilift systemd[1]: Starting Hold until boot process finishes up...
Mar  7 18:29:54 Trilift NetworkManager[532]: <info>  [1709807394.8742] manager[0x5555e3561000]: monitoring kernel firmware directory '/lib/firmware'.
Mar  7 18:29:54 Trilift NetworkManager[532]: <info>  [1709807394.8743] monitoring ifupdown state file '/run/network/ifstate'.
Mar  7 18:29:54 Trilift dbus-daemon[531]: [system] Activating via systemd: service name='org.freedesktop.hostname1' unit='dbus-org.freedesktop.hostname1.service' requested by ':1.12' (uid=0 pid=532 comm="/usr/sbin/NetworkManager --no-daemon " label="unconfined")
Mar  7 18:29:55 Trilift systemd[1]: Starting Hostname Service...
Mar  7 18:29:55 Trilift dbus-daemon[531]: [system] Successfully activated service 'org.freedesktop.hostname1'
Mar  7 18:29:55 Trilift systemd[1]: Started Hostname Service.
Mar  7 18:29:55 Trilift NetworkManager[532]: <info>  [1709807395.3336] hostname: hostname: using hostnamed
Mar  7 18:29:55 Trilift NetworkManager[532]: <info>  [1709807395.3336] hostname: static hostname changed from (none) to "Trilift"
Mar  7 18:29:55 Trilift udisksd[547]: Failed to load the 'mdraid' libblockdev plugin
Mar  7 18:29:55 Trilift NetworkManager[532]: <info>  [1709807395.5938] dns-mgr[0x5555e353f2a0]: init: dns=systemd-resolved rc-manager=unmanaged (auto), plugin=systemd-resolved
Mar  7 18:29:55 Trilift NetworkManager[532]: <info>  [1709807395.7009] manager[0x5555e3561000]: rfkill: Wi-Fi hardware radio set enabled
Mar  7 18:29:55 Trilift NetworkManager[532]: <info>  [1709807395.7010] manager[0x5555e3561000]: rfkill: WWAN hardware radio set enabled
Mar  7 18:29:55 Trilift ModemManager[642]: <info>  ModemManager (version 1.20.0) starting in system bus...
Mar  7 18:29:56 Trilift NetworkManager[532]: <info>  [1709807396.4331] Loaded device plugin: NMBluezManager (/usr/lib/x86_64-linux-gnu/NetworkManager/1.36.6/libnm-device-plugin-bluetooth.so)
Mar  7 18:29:56 Trilift NetworkManager[532]: <info>  [1709807396.5462] Loaded device plugin: NMWwanFactory (/usr/lib/x86_64-linux-gnu/NetworkManager/1.36.6/libnm-device-plugin-wwan.so)
Mar  7 18:29:56 Trilift NetworkManager[532]: <info>  [1709807396.6038] Loaded device plugin: NMWifiFactory (/usr/lib/x86_64-linux-gnu/NetworkManager/1.36.6/libnm-device-plugin-wifi.so)
Mar  7 18:29:57 Trilift NetworkManager[532]: <info>  [1709807397.2807] Loaded device plugin: NMTeamFactory (/usr/lib/x86_64-linux-gnu/NetworkManager/1.36.6/libnm-device-plugin-team.so)
Mar  7 18:29:57 Trilift NetworkManager[532]: <info>  [1709807397.5544] Loaded device plugin: NMAtmManager (/usr/lib/x86_64-linux-gnu/NetworkManager/1.36.6/libnm-device-plugin-adsl.so)
Mar  7 18:29:57 Trilift NetworkManager[532]: <info>  [1709807397.5548] manager: rfkill: Wi-Fi enabled by radio killswitch; enabled by state file
Mar  7 18:29:57 Trilift NetworkManager[532]: <info>  [1709807397.5548] manager: rfkill: WWAN enabled by radio killswitch; enabled by state file
Mar  7 18:29:57 Trilift NetworkManager[532]: <info>  [1709807397.5549] manager: Networking is enabled by state file
Mar  7 18:29:57 Trilift dbus-daemon[531]: [system] Activating via systemd: service name='org.freedesktop.nm_dispatcher' unit='dbus-org.freedesktop.nm-dispatcher.service' requested by ':1.12' (uid=0 pid=532 comm="/usr/sbin/NetworkManager --no-daemon " label="unconfined")
Mar  7 18:29:57 Trilift systemd[1]: Starting Network Manager Script Dispatcher Service...
Mar  7 18:29:57 Trilift accounts-daemon[525]: started daemon version 22.07.5
Mar  7 18:29:57 Trilift systemd[1]: Started Accounts Service.
Mar  7 18:29:57 Trilift NetworkManager[532]: <info>  [1709807397.8886] settings: Loaded settings plugin: ifupdown ("/usr/lib/x86_64-linux-gnu/NetworkManager/1.36.6/libnm-settings-plugin-ifupdown.so")
Mar  7 18:29:57 Trilift NetworkManager[532]: <info>  [1709807397.8887] settings: Loaded settings plugin: keyfile (internal)
Mar  7 18:29:57 Trilift NetworkManager[532]: <info>  [1709807397.8887] ifupdown: management mode: unmanaged
Mar  7 18:29:58 Trilift dbus-daemon[531]: [system] Successfully activated service 'org.freedesktop.nm_dispatcher'
Mar  7 18:29:58 Trilift systemd[1]: Started Network Manager Script Dispatcher Service.
Mar  7 18:29:58 Trilift NetworkManager[532]: <info>  [1709807398.0485] ifupdown: interfaces file /etc/network/interfaces doesn't exist
Mar  7 18:29:58 Trilift systemd[1]: Started GNOME Display Manager.
Mar  7 18:29:58 Trilift systemd[1]: Received SIGRTMIN+21 from PID 269 (plymouthd).
Mar  7 18:29:58 Trilift systemd[1]: Started Disk Manager.
Mar  7 18:29:58 Trilift NetworkManager[532]: <info>  [1709807398.3842] dhcp-init: Using DHCP client 'internal'
Mar  7 18:29:58 Trilift NetworkManager[532]: <info>  [1709807398.3842] device (lo): carrier: link connected
Mar  7 18:29:58 Trilift NetworkManager[532]: <info>  [1709807398.3845] manager: (lo): new Generic device (/org/freedesktop/NetworkManager/Devices/1)
Mar  7 18:29:58 Trilift NetworkManager[532]: <info>  [1709807398.3852] manager: (enp0s3): new Ethernet device (/org/freedesktop/NetworkManager/Devices/2)
Mar  7 18:29:58 Trilift NetworkManager[532]: <info>  [1709807398.3862] settings: (enp0s3): created default wired connection 'Wired connection 1'
Mar  7 18:29:58 Trilift NetworkManager[532]: <info>  [1709807398.3862] device (enp0s3): state change: unmanaged -> unavailable (reason 'managed', sys-iface-state: 'external')
Mar  7 18:29:58 Trilift kernel: [   35.388086] e1000: enp0s3 NIC Link is Up 1000 Mbps Full Duplex, Flow Control: RX
Mar  7 18:29:58 Trilift udisksd[547]: Acquired the name org.freedesktop.UDisks2 on the system message bus
Mar  7 18:29:58 Trilift NetworkManager[532]: <info>  [1709807398.7495] failed to open /run/network/ifstate
Mar  7 18:29:58 Trilift NetworkManager[532]: <info>  [1709807398.8981] device (enp0s3): carrier: link connected
Mar  7 18:29:58 Trilift NetworkManager[532]: <info>  [1709807398.8984] device (enp0s3): state change: unavailable -> disconnected (reason 'carrier-changed', sys-iface-state: 'managed')
Mar  7 18:29:58 Trilift NetworkManager[532]: <info>  [1709807398.8998] policy: auto-activating connection 'Wired connection 1' (f80bd11d-fe33-3355-8c59-2569d1b47487)
Mar  7 18:29:58 Trilift NetworkManager[532]: <info>  [1709807398.9003] device (enp0s3): Activation: starting connection 'Wired connection 1' (f80bd11d-fe33-3355-8c59-2569d1b47487)
Mar  7 18:29:58 Trilift NetworkManager[532]: <info>  [1709807398.9005] device (enp0s3): state change: disconnected -> prepare (reason 'none', sys-iface-state: 'managed')
Mar  7 18:29:58 Trilift NetworkManager[532]: <info>  [1709807398.9008] manager: NetworkManager state is now CONNECTING
Mar  7 18:29:58 Trilift NetworkManager[532]: <info>  [1709807398.9010] device (enp0s3): state change: prepare -> config (reason 'none', sys-iface-state: 'managed')
Mar  7 18:29:58 Trilift NetworkManager[532]: <info>  [1709807398.9018] device (enp0s3): state change: config -> ip-config (reason 'none', sys-iface-state: 'managed')
Mar  7 18:29:58 Trilift NetworkManager[532]: <info>  [1709807398.9027] dhcp4 (enp0s3): activation: beginning transaction (timeout in 45 seconds)
Mar  7 18:29:58 Trilift avahi-daemon[529]: Joining mDNS multicast group on interface enp0s3.IPv6 with address fe80::17d8:969c:855a:2a8.
Mar  7 18:29:58 Trilift avahi-daemon[529]: New relevant interface enp0s3.IPv6 for mDNS.
Mar  7 18:29:58 Trilift avahi-daemon[529]: Registering new address record for fe80::17d8:969c:855a:2a8 on enp0s3.*.
Mar  7 18:29:58 Trilift NetworkManager[532]: <info>  [1709807398.9048] dhcp4 (enp0s3): state changed new lease, address=10.0.2.15
Mar  7 18:29:58 Trilift avahi-daemon[529]: Joining mDNS multicast group on interface enp0s3.IPv4 with address 10.0.2.15.
Mar  7 18:29:58 Trilift avahi-daemon[529]: New relevant interface enp0s3.IPv4 for mDNS.
Mar  7 18:29:58 Trilift avahi-daemon[529]: Registering new address record for 10.0.2.15 on enp0s3.IPv4.
Mar  7 18:29:58 Trilift NetworkManager[532]: <info>  [1709807398.9059] device (enp0s3): state change: ip-config -> ip-check (reason 'none', sys-iface-state: 'managed')
Mar  7 18:29:59 Trilift NetworkManager[532]: <info>  [1709807399.0804] device (enp0s3): state change: ip-check -> secondaries (reason 'none', sys-iface-state: 'managed')
Mar  7 18:29:59 Trilift NetworkManager[532]: <info>  [1709807399.0805] device (enp0s3): state change: secondaries -> activated (reason 'none', sys-iface-state: 'managed')
Mar  7 18:29:59 Trilift NetworkManager[532]: <info>  [1709807399.0809] manager: NetworkManager state is now CONNECTED_LOCAL
Mar  7 18:29:59 Trilift NetworkManager[532]: <info>  [1709807399.0811] manager: NetworkManager state is now CONNECTED_SITE
Mar  7 18:29:59 Trilift NetworkManager[532]: <info>  [1709807399.0812] policy: set 'Wired connection 1' (enp0s3) as default for IPv4 routing and DNS
Mar  7 18:29:59 Trilift NetworkManager[532]: <info>  [1709807399.0815] device (enp0s3): Activation: successful, device activated.
Mar  7 18:29:59 Trilift NetworkManager[532]: <info>  [1709807399.0819] manager: startup complete
Mar  7 18:29:59 Trilift systemd-resolved[476]: enp0s3: Bus client set default route setting: yes
Mar  7 18:29:59 Trilift systemd-resolved[476]: enp0s3: Bus client set DNS server list to: 8.8.8.8, 8.8.4.4
Mar  7 18:29:59 Trilift systemd[1]: Finished Network Manager Wait Online.
Mar  7 18:29:59 Trilift systemd[1]: Reached target Network is Online.
Mar  7 18:29:59 Trilift systemd[1]: Started Download data for packages that failed at package install time.
Mar  7 18:29:59 Trilift systemd[1]: Started Check to see whether there is a new version of Ubuntu available.
Mar  7 18:29:59 Trilift systemd[1]: Reached target Timer Units.
Mar  7 18:29:59 Trilift systemd[1]: Starting Tool to automatically collect and submit kernel crash signatures...
Mar  7 18:29:59 Trilift systemd[1]: Condition check resulted in Ubuntu Pro Background Auto Attach being skipped.
Mar  7 18:29:59 Trilift systemd[1]: Started crash report submission.
Mar  7 18:29:59 Trilift systemd[1]: kerneloops.service: Found left-over process 700 (kerneloops) in control group while starting unit. Ignoring.
